Component: ARM Compiler 5.06 update 6 (build 750) Tool: armlink [4d35ed]

==============================================================================

Section Cross References

    startup_stm32f103xb.o(STACK) refers (Special) to heapauxi.o(.text) for __use_two_region_memory
    startup_stm32f103xb.o(HEAP) refers (Special) to heapauxi.o(.text) for __use_two_region_memory
    startup_stm32f103xb.o(RESET) refers (Special) to heapauxi.o(.text) for __use_two_region_memory
    startup_stm32f103xb.o(RESET) refers to startup_stm32f103xb.o(STACK) for __initial_sp
    startup_stm32f103xb.o(RESET) refers to startup_stm32f103xb.o(.text) for Reset_Handler
    startup_stm32f103xb.o(RESET) refers to stm32f1xx_it.o(i.NMI_Handler) for NMI_Handler
    startup_stm32f103xb.o(RESET) refers to stm32f1xx_it.o(i.HardFault_Handler) for HardFault_Handler
    startup_stm32f103xb.o(RESET) refers to stm32f1xx_it.o(i.MemManage_Handler) for MemManage_Handler
    startup_stm32f103xb.o(RESET) refers to stm32f1xx_it.o(i.BusFault_Handler) for BusFault_Handler
    startup_stm32f103xb.o(RESET) refers to stm32f1xx_it.o(i.UsageFault_Handler) for UsageFault_Handler
    startup_stm32f103xb.o(RESET) refers to stm32f1xx_it.o(i.SVC_Handler) for SVC_Handler
    startup_stm32f103xb.o(RESET) refers to stm32f1xx_it.o(i.DebugMon_Handler) for DebugMon_Handler
    startup_stm32f103xb.o(RESET) refers to stm32f1xx_it.o(i.PendSV_Handler) for PendSV_Handler
    startup_stm32f103xb.o(RESET) refers to stm32f1xx_it.o(i.SysTick_Handler) for SysTick_Handler
    startup_stm32f103xb.o(.text) refers (Special) to heapauxi.o(.text) for __use_two_region_memory
    startup_stm32f103xb.o(.text) refers to system_stm32f1xx.o(i.SystemInit) for SystemInit
    startup_stm32f103xb.o(.text) refers to __main.o(!!!main) for __main
    startup_stm32f103xb.o(.text) refers to startup_stm32f103xb.o(HEAP) for Heap_Mem
    startup_stm32f103xb.o(.text) refers to startup_stm32f103xb.o(STACK) for Stack_Mem
    main.o(i.SystemClock_Config) refers to rt_memclr_w.o(.text) for __aeabi_memclr4
    main.o(i.SystemClock_Config) refers to stm32f1xx_hal_rcc.o(i.HAL_RCC_OscConfig) for HAL_RCC_OscConfig
    main.o(i.SystemClock_Config) refers to stm32f1xx_hal_rcc.o(i.HAL_RCC_ClockConfig) for HAL_RCC_ClockConfig
    main.o(i.SystemClock_Config) refers to stm32f1xx_hal_rcc_ex.o(i.HAL_RCCEx_PeriphCLKConfig) for HAL_RCCEx_PeriphCLKConfig
    main.o(i.main) refers to stm32f1xx_hal.o(i.HAL_Init) for HAL_Init
    main.o(i.main) refers to main.o(i.SystemClock_Config) for SystemClock_Config
    main.o(i.main) refers to gpio.o(i.MX_GPIO_Init) for MX_GPIO_Init
    main.o(i.main) refers to adc.o(i.MX_ADC1_Init) for MX_ADC1_Init
    main.o(i.main) refers to stm32f1xx_hal_cortex.o(i.HAL_NVIC_DisableIRQ) for HAL_NVIC_DisableIRQ
    main.o(i.main) refers to delay.o(i.delay_init) for delay_init
    main.o(i.main) refers to mpu6050.o(i.MPU6050_initialize) for MPU6050_initialize
    main.o(i.main) refers to mpu6050.o(i.DMP_Init) for DMP_Init
    gpio.o(i.MX_GPIO_Init) refers to stm32f1xx_hal_gpio.o(i.HAL_GPIO_WritePin) for HAL_GPIO_WritePin
    gpio.o(i.MX_GPIO_Init) refers to stm32f1xx_hal_gpio.o(i.HAL_GPIO_Init) for HAL_GPIO_Init
    adc.o(i.HAL_ADC_MspDeInit) refers to stm32f1xx_hal_gpio.o(i.HAL_GPIO_DeInit) for HAL_GPIO_DeInit
    adc.o(i.HAL_ADC_MspInit) refers to stm32f1xx_hal_gpio.o(i.HAL_GPIO_Init) for HAL_GPIO_Init
    adc.o(i.MX_ADC1_Init) refers to stm32f1xx_hal_adc.o(i.HAL_ADC_Init) for HAL_ADC_Init
    adc.o(i.MX_ADC1_Init) refers to main.o(i.Error_Handler) for Error_Handler
    adc.o(i.MX_ADC1_Init) refers to stm32f1xx_hal_adc.o(i.HAL_ADC_ConfigChannel) for HAL_ADC_ConfigChannel
    adc.o(i.MX_ADC1_Init) refers to adc.o(.bss) for .bss
    stm32f1xx_it.o(i.SysTick_Handler) refers to stm32f1xx_hal.o(i.HAL_IncTick) for HAL_IncTick
    stm32f1xx_hal_adc.o(i.ADC_ConversionStop_Disable) refers to delay.o(i.HAL_GetTick) for HAL_GetTick
    stm32f1xx_hal_adc.o(i.ADC_DMAConvCplt) refers to stm32f1xx_hal_adc.o(i.HAL_ADC_ConvCpltCallback) for HAL_ADC_ConvCpltCallback
    stm32f1xx_hal_adc.o(i.ADC_DMAError) refers to stm32f1xx_hal_adc.o(i.HAL_ADC_ErrorCallback) for HAL_ADC_ErrorCallback
    stm32f1xx_hal_adc.o(i.ADC_DMAHalfConvCplt) refers to stm32f1xx_hal_adc.o(i.HAL_ADC_ConvHalfCpltCallback) for HAL_ADC_ConvHalfCpltCallback
    stm32f1xx_hal_adc.o(i.ADC_Enable) refers to delay.o(i.HAL_GetTick) for HAL_GetTick
    stm32f1xx_hal_adc.o(i.ADC_Enable) refers to system_stm32f1xx.o(.data) for SystemCoreClock
    stm32f1xx_hal_adc.o(i.HAL_ADC_ConfigChannel) refers to system_stm32f1xx.o(.data) for SystemCoreClock
    stm32f1xx_hal_adc.o(i.HAL_ADC_DeInit) refers to stm32f1xx_hal_adc.o(i.ADC_ConversionStop_Disable) for ADC_ConversionStop_Disable
    stm32f1xx_hal_adc.o(i.HAL_ADC_DeInit) refers to adc.o(i.HAL_ADC_MspDeInit) for HAL_ADC_MspDeInit
    stm32f1xx_hal_adc.o(i.HAL_ADC_IRQHandler) refers to stm32f1xx_hal_adc.o(i.HAL_ADC_ConvCpltCallback) for HAL_ADC_ConvCpltCallback
[...]
    i.ADC_ConversionStop_Disable             0x08001068   Section        0  stm32f1xx_hal_adc.o(i.ADC_ConversionStop_Disable)
    i.BusFault_Handler                       0x080010be   Section        0  stm32f1xx_it.o(i.BusFault_Handler)
    i.DMP_Init                               0x080010c0   Section        0  mpu6050.o(i.DMP_Init)
    i.DebugMon_Handler                       0x080012e4   Section        0  stm32f1xx_it.o(i.DebugMon_Handler)
    i.Error_Handler                          0x080012e6   Section        0  main.o(i.Error_Handler)
    i.HAL_ADC_ConfigChannel                  0x080012ec   Section        0  stm32f1xx_hal_adc.o(i.HAL_ADC_ConfigChannel)
    i.HAL_ADC_Init                           0x080013e8   Section        0  stm32f1xx_hal_adc.o(i.HAL_ADC_Init)
    i.HAL_ADC_MspInit                        0x08001504   Section        0  adc.o(i.HAL_ADC_MspInit)
    i.HAL_GPIO_Init                          0x0800155c   Section        0  stm32f1xx_hal_gpio.o(i.HAL_GPIO_Init)
    i.HAL_GPIO_ReadPin                       0x0800173c   Section        0  stm32f1xx_hal_gpio.o(i.HAL_GPIO_ReadPin)
    i.HAL_GPIO_WritePin                      0x08001746   Section        0  stm32f1xx_hal_gpio.o(i.HAL_GPIO_WritePin)
    i.HAL_GetTick                            0x08001750   Section        0  delay.o(i.HAL_GetTick)
    i.HAL_IncTick                            0x0800176c   Section        0  stm32f1xx_hal.o(i.HAL_IncTick)
    i.HAL_Init                               0x0800177c   Section        0  stm32f1xx_hal.o(i.HAL_Init)
    i.HAL_InitTick                           0x080017a0   Section        0  delay.o(i.HAL_InitTick)
    i.HAL_MspInit                            0x080017dc   Section        0  stm32f1xx_hal_msp.o(i.HAL_MspInit)
    i.HAL_NVIC_DisableIRQ                    0x08001818   Section        0  stm32f1xx_hal_cortex.o(i.HAL_NVIC_DisableIRQ)
    i.HAL_NVIC_SetPriorityGrouping           0x0800183c   Section        0  stm32f1xx_hal_cortex.o(i.HAL_NVIC_SetPriorityGrouping)
    i.HAL_RCCEx_PeriphCLKConfig              0x08001860   Section        0  stm32f1xx_hal_rcc_ex.o(i.HAL_RCCEx_PeriphCLKConfig)
    i.HAL_RCC_ClockConfig                    0x0800194c   Section        0  stm32f1xx_hal_rcc.o(i.HAL_RCC_ClockConfig)
    i.HAL_RCC_GetSysClockFreq                0x08001a78   Section        0  stm32f1xx_hal_rcc.o(i.HAL_RCC_GetSysClockFreq)
    i.HAL_RCC_OscConfig                      0x08001ac4   Section        0  stm32f1xx_hal_rcc.o(i.HAL_RCC_OscConfig)
    i.HardFault_Handler                      0x08001de4   Section        0  stm32f1xx_it.o(i.HardFault_Handler)
    i.I2C_ReadOneByte                        0x08001de6   Section        0  iic.o(i.I2C_ReadOneByte)
    i.IIC_Ack                                0x08001e24   Section        0  iic.o(i.IIC_Ack)
    i.IIC_NAck                               0x08001e7c   Section        0  iic.o(i.IIC_NAck)
    i.IIC_Read_Byte                          0x08001ed4   Section        0  iic.o(i.IIC_Read_Byte)
    i.IIC_Send_Byte                          0x08001f4c   Section        0  iic.o(i.IIC_Send_Byte)
    i.IIC_Start                              0x08001fc4   Section        0  iic.o(i.IIC_Start)
    i.IIC_Stop                               0x08002034   Section        0  iic.o(i.IIC_Stop)
    i.IIC_Wait_Ack                           0x0800208c   Section        0  iic.o(i.IIC_Wait_Ack)
    i.IICreadByte                            0x080020fc   Section        0  iic.o(i.IICreadByte)
    i.IICwriteBit                            0x0800210a   Section        0  iic.o(i.IICwriteBit)
    i.IICwriteBits                           0x0800213c   Section        0  iic.o(i.IICwriteBits)
    i.IICwriteByte                           0x08002190   Section        0  iic.o(i.IICwriteByte)
    i.IICwriteBytes                          0x0800219c   Section        0  iic.o(i.IICwriteBytes)
    i.MPU6050_initialize                     0x080021e0   Section        0  mpu6050.o(i.MPU6050_initialize)
    i.MPU6050_setClockSource                 0x0800220a   Section        0  mpu6050.o(i.MPU6050_setClockSource)
    i.MPU6050_setFullScaleAccelRange         0x0800221c   Section        0  mpu6050.o(i.MPU6050_setFullScaleAccelRange)
    i.MPU6050_setFullScaleGyroRange          0x0800222e   Section        0  mpu6050.o(i.MPU6050_setFullScaleGyroRange)
    i.MPU6050_setI2CBypassEnabled            0x08002240   Section        0  mpu6050.o(i.MPU6050_setI2CBypassEnabled)
    i.MPU6050_setI2CMasterModeEnabled        0x0800224c   Section        0  mpu6050.o(i.MPU6050_setI2CMasterModeEnabled)
    i.MPU6050_setSleepEnabled                0x08002258   Section        0  mpu6050.o(i.MPU6050_setSleepEnabled)
    i.MX_ADC1_Init                           0x08002264   Section        0  adc.o(i.MX_ADC1_Init)
    i.MX_GPIO_Init                           0x080022b4   Section        0  gpio.o(i.MX_GPIO_Init)
    i.MemManage_Handler                      0x08002358   Section        0  stm32f1xx_it.o(i.MemManage_Handler)
    i.NMI_Handler                            0x0800235a   Section        0  stm32f1xx_it.o(i.NMI_Handler)
    i.PendSV_Handler                         0x0800235c   Section        0  stm32f1xx_it.o(i.PendSV_Handler)
    i.SVC_Handler                            0x0800235e   Section        0  stm32f1xx_it.o(i.SVC_Handler)
    i.SysTick_Handler                        0x08002360   Section        0  stm32f1xx_it.o(i.SysTick_Handler)
    i.SystemClock_Config                     0x08002364   Section        0  main.o(i.SystemClock_Config)
    i.SystemInit                             0x080023dc   Section        0  system_stm32f1xx.o(i.SystemInit)
    i.UsageFault_Handler                     0x080023de   Section        0  stm32f1xx_it.o(i.UsageFault_Handler)
    i.accel_self_test                        0x080023e0   Section        0  inv_mpu.o(i.accel_self_test)
    accel_self_test                          0x080023e1   Thumb Code   114  inv_mpu.o(i.accel_self_test)
    i.delay_init                             0x08002460   Section        0  delay.o(i.delay_init)
    i.delay_ms                               0x080024a0   Section        0  delay.o(i.delay_ms)
    i.delay_us                               0x080024d4   Section        0  delay.o(i.delay_us)
    i.dmp_enable_6x_lp_quat                  0x080024d6   Section        0  inv_mpu_dmp_motion_driver.o(i.dmp_enable_6x_lp_quat)
    i.dmp_enable_feature                     0x08002510   Section        0  inv_mpu_dmp_motion_driver.o(i.dmp_enable_feature)
    i.dmp_enable_gyro_cal                    0x080026e8   Section        0  inv_mpu_dmp_motion_driver.o(i.dmp_enable_gyro_cal)
    i.dmp_enable_lp_quat                     0x08002724   Section        0  inv_mpu_dmp_motion_driver.o(i.dmp_enable_lp_quat)
    i.dmp_load_motion_driver_firmware        0x08002760   Section        0  inv_mpu_dmp_motion_driver.o(i.dmp_load_motion_driver_firmware)
    i.dmp_set_accel_bias                     0x08002774   Section        0  inv_mpu_dmp_motion_driver.o(i.dmp_set_accel_bias)
    i.dmp_set_fifo_rate                      0x0800284c   Section        0  inv_mpu_dmp_motion_driver.o(i.dmp_set_fifo_rate)
    i.dmp_set_gyro_bias                      0x080028b0   Section        0  inv_mpu_dmp_motion_driver.o(i.dmp_set_gyro_bias)
    i.dmp_set_orientation                    0x0800297c   Section        0  inv_mpu_dmp_motion_driver.o(i.dmp_set_orientation)
    i.dmp_set_shake_reject_thresh            0x08002a88   Section        0  inv_mpu_dmp_motion_driver.o(i.dmp_set_shake_reject_thresh)
    i.dmp_set_shake_reject_time              0x08002ab8   Section        0  inv_mpu_dmp_motion_driver.o(i.dmp_set_shake_reject_time)
    i.dmp_set_shake_reject_timeout           0x08002ad8   Section        0  inv_mpu_dmp_motion_driver.o(i.dmp_set_shake_reject_timeout)
    i.dmp_set_tap_axes                       0x08002af8   Section        0  inv_mpu_dmp_motion_driver.o(i.dmp_set_tap_axes)
    i.dmp_set_tap_count                      0x08002b38   Section        0  inv_mpu_dmp_motion_driver.o(i.dmp_set_tap_count)
    i.dmp_set_tap_thresh                     0x08002b5c   Section        0  inv_mpu_dmp_motion_driver.o(i.dmp_set_tap_thresh)
    i.dmp_set_tap_time                       0x08002c84   Section        0  inv_mpu_dmp_motion_driver.o(i.dmp_set_tap_time)
    i.dmp_set_tap_time_multi                 0x08002ca4   Section        0  inv_mpu_dmp_motion_driver.o(i.dmp_set_tap_time_multi)
    i.fputc                                  0x08002cc4   Section        0  fputc.o(i.fputc)
    i.get_accel_prod_shift                   0x08002ce0   Section        0  inv_mpu.o(i.get_accel_prod_shift)
    get_accel_prod_shift                     0x08002ce1   Thumb Code   158  inv_mpu.o(i.get_accel_prod_shift)
    i.get_st_biases                          0x08002d8c   Section        0  inv_mpu.o(i.get_st_biases)
    get_st_biases                            0x08002d8d   Thumb Code   784  inv_mpu.o(i.get_st_biases)
    i.gyro_self_test                         0x080030a0   Section        0  inv_mpu.o(i.gyro_self_test)
    gyro_self_test                           0x080030a1   Thumb Code   190  inv_mpu.o(i.gyro_self_test)
    i.i2cRead                                0x08003174   Section        0  iic.o(i.i2cRead)
    i.i2cWrite                               0x080031e4   Section        0  iic.o(i.i2cWrite)
    i.inv_row_2_scale                        0x08003238   Section        0  mpu6050.o(i.inv_row_2_scale)
    inv_row_2_scale                          0x08003239   Thumb Code    72  mpu6050.o(i.inv_row_2_scale)
    i.main                                   0x08003280   Section        0  main.o(i.main)
    i.mpu_configure_fifo                     0x080032a4   Section        0  inv_mpu.o(i.mpu_configure_fifo)
    i.mpu_get_accel_fsr                      0x080032f8   Section        0  inv_mpu.o(i.mpu_get_accel_fsr)
    i.mpu_get_accel_sens                     0x08003334   Section        0  inv_mpu.o(i.mpu_get_accel_sens)
    i.mpu_get_gyro_fsr                       0x08003378   Section        0  inv_mpu.o(i.mpu_get_gyro_fsr)
    i.mpu_get_gyro_sens                      0x080033ac   Section        0  inv_mpu.o(i.mpu_get_gyro_sens)
    i.mpu_get_lpf                            0x080033ec   Section        0  inv_mpu.o(i.mpu_get_lpf)
    i.mpu_get_sample_rate                    0x08003424   Section        0  inv_mpu.o(i.mpu_get_sample_rate)
    i.mpu_init                               0x08003440   Section        0  inv_mpu.o(i.mpu_init)
    i.mpu_load_firmware                      0x080035c8   Section        0  inv_mpu.o(i.mpu_load_firmware)
    i.mpu_lp_accel_mode                      0x08003668   Section        0  inv_mpu.o(i.mpu_lp_accel_mode)
    i.mpu_read_mem                           0x08003720   Section        0  inv_mpu.o(i.mpu_read_mem)
    i.mpu_reset_fifo                         0x08003774   Section        0  inv_mpu.o(i.mpu_reset_fifo)
    i.mpu_run_self_test                      0x080038c4   Section        0  inv_mpu.o(i.mpu_run_self_test)
    i.mpu_set_accel_fsr                      0x080039b4   Section        0  inv_mpu.o(i.mpu_set_accel_fsr)
    i.mpu_set_bypass                         0x08003a1c   Section        0  inv_mpu.o(i.mpu_set_bypass)
    i.mpu_set_dmp_state                      0x08003af8   Section        0  inv_mpu.o(i.mpu_set_dmp_state)
    i.mpu_set_gyro_fsr                       0x08003b70   Section        0  inv_mpu.o(i.mpu_set_gyro_fsr)
    i.mpu_set_int_latched                    0x08003bdc   Section        0  inv_mpu.o(i.mpu_set_int_latched)
    i.mpu_set_lpf                            0x08003c40   Section        0  inv_mpu.o(i.mpu_set_lpf)
    i.mpu_set_sample_rate                    0x08003cac   Section        0  inv_mpu.o(i.mpu_set_sample_rate)
    i.mpu_set_sensors                        0x08003d2c   Section        0  inv_mpu.o(i.mpu_set_sensors)
    i.mpu_write_mem                          0x08003de4   Section        0  inv_mpu.o(i.mpu_write_mem)
    i.run_self_test                          0x08003e38   Section        0  mpu6050.o(i.run_self_test)
    run_self_test                            0x08003e39   Thumb Code   122  mpu6050.o(i.run_self_test)
    i.set_int_enable                         0x08003eb4   Section        0  inv_mpu.o(i.set_int_enable)
    set_int_enable                           0x08003eb5   Thumb Code    84  inv_mpu.o(i.set_int_enable)
    x$fpl$fadd                               0x08003f0c   Section      196  faddsub_clz.o(x$fpl$fadd)
    _fadd1                                   0x08003f1b   Thumb Code     0  faddsub_clz.o(x$fpl$fadd)
    x$fpl$fcheck1                            0x08003fd0   Section       12  fcheck1.o(x$fpl$fcheck1)
    x$fpl$fdiv                               0x08003fdc   Section      388  fdiv.o(x$fpl$fdiv)
    _fdiv1                                   0x08003fdd   Thumb Code     0  fdiv.o(x$fpl$fdiv)
    x$fpl$ffix                               0x08004160   Section       54  ffix.o(x$fpl$ffix)
    x$fpl$ffixu                              0x08004198   Section       62  ffixu.o(x$fpl$ffixu)
    x$fpl$fflt                               0x080041d8   Section       48  fflt_clz.o(x$fpl$fflt)
    x$fpl$ffltu                              0x08004208   Section       38  fflt_clz.o(x$fpl$ffltu)
    x$fpl$fmul                               0x08004230   Section      258  fmul.o(x$fpl$fmul)
    x$fpl$fnaninf                            0x08004332   Section      140  fnaninf.o(x$fpl$fnaninf)
    x$fpl$fretinf                            0x080043be   Section       10  fretinf.o(x$fpl$fretinf)
    x$fpl$fsub                               0x080043c8   Section      234  faddsub_clz.o(x$fpl$fsub)
    _fsub1                                   0x080043d7   Thumb Code     0  faddsub_clz.o(x$fpl$fsub)
    x$fpl$retnan                             0x080044b2   Section      100  retnan.o(x$fpl$retnan)
    x$fpl$scalbnf                            0x08004516   Section       76  scalbnf.o(x$fpl$scalbnf)
    x$fpl$trapveneer                         0x08004562   Section       48  trapv.o(x$fpl$trapveneer)
    .constdata                               0x08004592   Section       18  stm32f1xx_hal_rcc.o(.constdata)
    x$fpl$usenofp                            0x08004592   Section        0  usenofp.o(x$fpl$usenofp)
    aPredivFactorTable                       0x08004592   Data           2  stm32f1xx_hal_rcc.o(.constdata)
    aPLLMULFactorTable                       0x08004594   Data          16  stm32f1xx_hal_rcc.o(.constdata)
    .constdata                               0x080045a4   Section       16  system_stm32f1xx.o(.constdata)
    .constdata                               0x080045b4   Section       12  inv_mpu.o(.constdata)
    .constdata                               0x080045c0   Section       27  inv_mpu.o(.constdata)
    .constdata                               0x080045dc   Section       40  inv_mpu.o(.constdata)
    .constdata                               0x08004604   Section     3062  inv_mpu_dmp_motion_driver.o(.constdata)
    dmp_memory                               0x08004604   Data        3062  inv_mpu_dmp_motion_driver.o(.constdata)
    .constdata                               0x080051fa   Section        4  sys_io.o(.constdata)
    .constdata                               0x080051fe   Section        4  sys_io.o(.constdata)
    .constdata                               0x08005202   Section        4  sys_io.o(.constdata)
    .conststring                             0x08005208   Section       78  inv_mpu.o(.conststring)
    .data                                    0x20000000   Section       12  stm32f1xx_hal.o(.data)
    .data                                    0x2000000c   Section        4  system_stm32f1xx.o(.data)
    .data                                    0x20000010   Section        8  delay.o(.data)
    .data                                    0x20000018   Section       44  inv_mpu.o(.data)
    st                                       0x20000018   Data          44  inv_mpu.o(.data)
    .data                                    0x20000044   Section       53  mpu6050.o(.data)
    gyro_orientation                         0x20000070   Data           9  mpu6050.o(.data)
    .data                                    0x2000007c   Section        4  stdio_streams.o(.data)
    .data                                    0x20000080   Section        4  stdio_streams.o(.data)
    .data                                    0x20000084   Section        4  stdio_streams.o(.data)
    .bss                                     0x20000088   Section       48  adc.o(.bss)
    .bss                                     0x200000b8   Section       16  inv_mpu_dmp_motion_driver.o(.bss)
    dmp                                      0x200000b8   Data          16  inv_mpu_dmp_motion_driver.o(.bss)
    .bss                                     0x200000c8   Section       84  stdio_streams.o(.bss)
    .bss                                     0x2000011c   Section       84  stdio_streams.o(.bss)
    .bss                                     0x20000170   Section       84  stdio_streams.o(.bss)
    .bss                                     0x200001c4   Section       96  libspace.o(.bss)
    HEAP                                     0x20000228   Section      512  startup_stm32f103xb.o(HEAP)
    Heap_Mem                                 0x20000228   Data         512  startup_stm32f103xb.o(HEAP)
    STACK                                    0x20000428   Section     1024  startup_stm32f103xb.o(STACK)
    Stack_Mem                                0x20000428   Data        1024  startup_stm32f103xb.o(STACK)
    __initial_sp                             0x20000828   Data           0  startup_stm32f103xb.o(STACK)

    Global Symbols

    Symbol Name                              Value     Ov Type        Size  Object(Section)

    BuildAttributes$$THM_ISAv4$P$D$K$B$S$PE$A:L22UL41UL21$X:L11$S22US41US21$IEEE1$IW$USESV6$~STKCKD$USESV7$~SHL$OTIME$ROPI$IEEEX$EBA8$UX$STANDARDLIB$REQ8$PRES8$EABIv2 0x00000000   Number         0  anon$$obj.o ABSOLUTE
    __ARM_use_no_argv                        0x00000000   Number         0  main.o ABSOLUTE
    __ARM_exceptions_init                     - Undefined Weak Reference
    __alloca_initialize                       - Undefined Weak Reference
    __arm_preinit_                            - Undefined Weak Reference
    __cpp_initialize__aeabi_                  - Undefined Weak Reference
    __cxa_finalize                            - Undefined Weak Reference
    __rt_locale                               - Undefined Weak Reference
    __sigvec_lookup                           - Undefined Weak Reference
    __user_heap_extent                        - Undefined Weak Reference
    _atexit_init                              - Undefined Weak Reference
    _call_atexit_fns                          - Undefined Weak Reference
    _clock_init                               - Undefined Weak Reference
    _fp_trap_init                             - Undefined Weak Reference
    _fp_trap_shutdown                         - Undefined Weak Reference
    _get_lc_collate                           - Undefined Weak Reference
    _get_lc_ctype                             - Undefined Weak Reference
    _get_lc_monetary                          - Undefined Weak Reference
    _get_lc_numeric                           - Undefined Weak Reference
    _get_lc_time                              - Undefined Weak Reference
    _getenv_init                              - Undefined Weak Reference
    _handle_redirection                       - Undefined Weak Reference
    _mutex_acquire                            - Undefined Weak Reference
    _mutex_free                               - Undefined Weak Reference
    _mutex_release                            - Undefined Weak Reference
    _printf_post_padding                      - Undefined Weak Reference
    _printf_pre_padding                       - Undefined Weak Reference
    _printf_truncate_signed                   - Undefined Weak Reference
    _printf_truncate_unsigned                 - Undefined Weak Reference
    _rand_init                                - Undefined Weak Reference
    _signal_finish                            - Undefined Weak Reference
    _signal_init                              - Undefined Weak Reference
    __Vectors_Size                           0x000000ec   Number         0  startup_stm32f103xb.o ABSOLUTE
    __Vectors                                0x08000000   Data           4  startup_stm32f103xb.o(RESET)
    __Vectors_End                            0x080000ec   Data           0  startup_stm32f103xb.o(RESET)
    __main                                   0x080000ed   Thumb Code     8  __main.o(!!!main)
    __scatterload                            0x080000f5   Thumb Code     0  __scatter.o(!!!scatter)
    __scatterload_rt2                        0x080000f5   Thumb Code    44  __scatter.o(!!!scatter)
    __scatterload_rt2_thumb_only             0x080000f5   Thumb Code     0  __scatter.o(!!!scatter)
    __scatterload_null                       0x08000103   Thumb Code     0  __scatter.o(!!!scatter)
    __scatterload_copy                       0x08000129   Thumb Code    26  __scatter_copy.o(!!handler_copy)
    __scatterload_zeroinit                   0x08000145   Thumb Code    28  __scatter_zi.o(!!handler_zi)
    _printf_d                                0x08000161   Thumb Code     0  _printf_d.o(.ARM.Collect$$_printf_percent$$00000009)
    _printf_percent                          0x08000161   Thumb Code     0  _printf_percent.o(.ARM.Collect$$_printf_percent$$00000000)
    _printf_percent_end                      0x08000167   Thumb Code     0  _printf_percent_end.o(.ARM.Collect$$_printf_percent$$00000017)
    __rt_lib_init                            0x0800016b   Thumb Code     0  libinit.o(.ARM.Collect$$libinit$$00000000)
    __rt_lib_init_fp_1                       0x0800016d   Thumb Code     0  libinit2.o(.ARM.Collect$$libinit$$00000002)
    __rt_lib_init_heap_2                     0x0800016d   Thumb Code     0  libinit2.o(.ARM.Collect$$libinit$$00000005)
    __rt_lib_init_preinit_1                  0x0800016d   Thumb Code     0  libinit2.o(.ARM.Collect$$libinit$$00000004)
    __rt_lib_init_atexit_1                   0x08000175   Thumb Code     0  libinit2.o(.ARM.Collect$$libinit$$0000001B)
    __rt_lib_init_clock_1                    0x08000175   Thumb Code     0  libinit2.o(.ARM.Collect$$libinit$$00000021)
    __rt_lib_init_fp_trap_1                  0x08000175   Thumb Code     0  libinit2.o(.ARM.Collect$$libinit$$0000001F)
    __rt_lib_init_getenv_1                   0x08000175   Thumb Code     0  libinit2.o(.ARM.Collect$$libinit$$00000023)
    __rt_lib_init_heap_1                     0x08000175   Thumb Code     0  libinit2.o(.ARM.Collect$$libinit$$0000000A)
    __rt_lib_init_lc_collate_1               0x08000175   Thumb Code     0  libinit2.o(.ARM.Collect$$libinit$$00000011)
    __rt_lib_init_lc_ctype_1                 0x08000175   Thumb Code     0  libinit2.o(.ARM.Collect$$libinit$$00000013)
    __rt_lib_init_lc_monetary_1              0x08000175   Thumb Code     0  libinit2.o(.ARM.Collect$$libinit$$00000015)
    __rt_lib_init_lc_numeric_1               0x08000175   Thumb Code     0  libinit2.o(.ARM.Collect$$libinit$$00000017)
    __rt_lib_init_lc_time_1                  0x08000175   Thumb Code     0  libinit2.o(.ARM.Collect$$libinit$$00000019)
    __rt_lib_init_rand_1                     0x08000175   Thumb Code     0  libinit2.o(.ARM.Collect$$libinit$$0000000E)
    __rt_lib_init_signal_1                   0x08000175   Thumb Code     0  libinit2.o(.ARM.Collect$$libinit$$0000001D)
    __rt_lib_init_stdio_2                    0x08000175   Thumb Code     0  libinit2.o(.ARM.Collect$$libinit$$00000024)
    __rt_lib_init_user_alloc_1               0x08000175   Thumb Code     0  libinit2.o(.ARM.Collect$$libinit$$0000000C)
    __rt_lib_init_alloca_1                   0x08000179   Thumb Code     0  libinit2.o(.ARM.Collect$$libinit$$0000002E)
    __rt_lib_init_argv_1                     0x08000179   Thumb Code     0  libinit2.o(.ARM.Collect$$libinit$$0000002C)
    __rt_lib_init_cpp_1                      0x08000179   Thumb Code     0  libinit2.o(.ARM.Collect$$libinit$$00000032)
    __rt_lib_init_exceptions_1               0x08000179   Thumb Code     0  libinit2.o(.ARM.Collect$$libinit$$00000030)
    __rt_lib_init_return                     0x08000179   Thumb Code     0  libinit2.o(.ARM.Collect$$libinit$$00000033)
    __rt_lib_init_stdio_1                    0x08000179   Thumb Code     0  libinit2.o(.ARM.Collect$$libinit$$00000025)
    __rt_lib_shutdown                        0x0800017b   Thumb Code     0  libshutdown.o(.ARM.Collect$$libshutdown$$00000000)
    __rt_lib_shutdown_cpp_1                  0x0800017d   Thumb Code     0  libshutdown2.o(.ARM.Collect$$libshutdown$$00000002)
    __rt_lib_shutdown_stdio_2                0x0800017d   Thumb Code     0  libshutdown2.o(.ARM.Collect$$libshutdown$$00000003)
    __rt_lib_shutdown_fp_trap_1              0x08000181   Thumb Code     0  libshutdown2.o(.ARM.Collect$$libshutdown$$00000007)
    __rt_lib_shutdown_heap_1                 0x08000181   Thumb Code     0  libshutdown2.o(.ARM.Collect$$libshutdown$$0000000F)
    __rt_lib_shutdown_return                 0x08000181   Thumb Code     0  libshutdown2.o(.ARM.Collect$$libshutdown$$00000010)
    __rt_lib_shutdown_signal_1               0x08000181   Thumb Code     0  libshutdown2.o(.ARM.Collect$$libshutdown$$0000000A)
    __rt_lib_shutdown_stdio_1                0x08000181   Thumb Code     0  libshutdown2.o(.ARM.Collect$$libshutdown$$00000004)
    __rt_lib_shutdown_user_alloc_1           0x08000181   Thumb Code     0  libshutdown2.o(.ARM.Collect$$libshutdown$$0000000C)
    __rt_entry                               0x08000183   Thumb Code     0  __rtentry.o(.ARM.Collect$$rtentry$$00000000)
    __rt_entry_presh_1                       0x08000183   Thumb Code     0  __rtentry2.o(.ARM.Collect$$rtentry$$00000002)
    __rt_entry_sh                            0x08000183   Thumb Code     0  __rtentry4.o(.ARM.Collect$$rtentry$$00000004)
    __rt_entry_li                            0x08000189   Thumb Code     0  __rtentry2.o(.ARM.Collect$$rtentry$$0000000A)
    __rt_entry_postsh_1                      0x08000189   Thumb Code     0  __rtentry2.o(.ARM.Collect$$rtentry$$00000009)
    __rt_entry_main                          0x0800018d   Thumb Code     0  __rtentry2.o(.ARM.Collect$$rtentry$$0000000D)
    __rt_entry_postli_1                      0x0800018d   Thumb Code     0  __rtentry2.o(.ARM.Collect$$rtentry$$0000000C)
    __rt_exit                                0x08000195   Thumb Code     0  rtexit.o(.ARM.Collect$$rtexit$$00000000)
    __rt_exit_ls                             0x08000197   Thumb Code     0  rtexit2.o(.ARM.Collect$$rtexit$$00000003)
    __rt_exit_prels_1                        0x08000197   Thumb Code     0  rtexit2.o(.ARM.Collect$$rtexit$$00000002)
    __rt_exit_exit                           0x0800019b   Thumb Code     0  rtexit2.o(.ARM.Collect$$rtexit$$00000004)
    Reset_Handler                            0x080001a1   Thumb Code     8  startup_stm32f103xb.o(.text)
    _maybe_terminate_alloc                   0x080001a1   Thumb Code     0  maybetermalloc1.o(.emb_text)
    ADC1_2_IRQHandler                        0x080001bb   Thumb Code     0  startup_stm32f103xb.o(.text)
    CAN1_RX1_IRQHandler                      0x080001bb   Thumb Code     0  startup_stm32f103xb.o(.text)
    CAN1_SCE_IRQHandler                      0x080001bb   Thumb Code     0  startup_stm32f103xb.o(.text)
    DMA1_Channel1_IRQHandler                 0x080001bb   Thumb Code     0  startup_stm32f103xb.o(.text)
    DMA1_Channel2_IRQHandler                 0x080001bb   Thumb Code     0  startup_stm32f103xb.o(.text)
    DMA1_Channel3_IRQHandler                 0x080001bb   Thumb Code     0  startup_stm32f103xb.o(.text)
    DMA1_Channel4_IRQHandler                 0x080001bb   Thumb Code     0  startup_stm32f103xb.o(.text)
    DMA1_Channel5_IRQHandler                 0x080001bb   Thumb Code     0  startup_stm32f103xb.o(.text)
    DMA1_Channel6_IRQHandler                 0x080001bb   Thumb Code     0  startup_stm32f103xb.o(.text)
    DMA1_Channel7_IRQHandler                 0x080001bb   Thumb Code     0  startup_stm32f103xb.o(.text)
    EXTI0_IRQHandler                         0x080001bb   Thumb Code     0  startup_stm32f103xb.o(.text)
    EXTI15_10_IRQHandler                     0x080001bb   Thumb Code     0  startup_stm32f103xb.o(.text)
    EXTI1_IRQHandler                         0x080001bb   Thumb Code     0  startup_stm32f103xb.o(.text)
    EXTI2_IRQHandler                         0x080001bb   Thumb Code     0  startup_stm32f103xb.o(.text)
    EXTI3_IRQHandler                         0x080001bb   Thumb Code     0  startup_stm32f103xb.o(.text)
    EXTI4_IRQHandler                         0x080001bb   Thumb Code     0  startup_stm32f103xb.o(.text)
    EXTI9_5_IRQHandler                       0x080001bb   Thumb Code     0  startup_stm32f103xb.o(.text)
    FLASH_IRQHandler                         0x080001bb   Thumb Code     0  startup_stm32f103xb.o(.text)
    I2C1_ER_IRQHandler                       0x080001bb   Thumb Code     0  startup_stm32f103xb.o(.text)
    I2C1_EV_IRQHandler                       0x080001bb   Thumb Code     0  startup_stm32f103xb.o(.text)
    I2C2_ER_IRQHandler                       0x080001bb   Thumb Code     0  startup_stm32f103xb.o(.text)
    I2C2_EV_IRQHandler                       0x080001bb   Thumb Code     0  startup_stm32f103xb.o(.text)
    PVD_IRQHandler                           0x080001bb   Thumb Code     0  startup_stm32f103xb.o(.text)
    RCC_IRQHandler                           0x080001bb   Thumb Code     0  startup_stm32f103xb.o(.text)
    RTC_Alarm_IRQHandler                     0x080001bb   Thumb Code     0  startup_stm32f103xb.o(.text)
    RTC_IRQHandler                           0x080001bb   Thumb Code     0  startup_stm32f103xb.o(.text)
    SPI1_IRQHandler                          0x080001bb   Thumb Code     0  startup_stm32f103xb.o(.text)
    SPI2_IRQHandler                          0x080001bb   Thumb Code     0  startup_stm32f103xb.o(.text)
    TAMPER_IRQHandler                        0x080001bb   Thumb Code     0  startup_stm32f103xb.o(.text)
    TIM1_BRK_IRQHandler                      0x080001bb   Thumb Code     0  startup_stm32f103xb.o(.text)
    TIM1_CC_IRQHandler                       0x080001bb   Thumb Code     0  startup_stm32f103xb.o(.text)
    TIM1_TRG_COM_IRQHandler                  0x080001bb   Thumb Code     0  startup_stm32f103xb.o(.text)
    TIM1_UP_IRQHandler                       0x080001bb   Thumb Code     0  startup_stm32f103xb.o(.text)
    TIM2_IRQHandler                          0x080001bb   Thumb Code     0  startup_stm32f103xb.o(.text)
    TIM3_IRQHandler                          0x080001bb   Thumb Code     0  startup_stm32f103xb.o(.text)
    TIM4_IRQHandler                          0x080001bb   Thumb Code     0  startup_stm32f103xb.o(.text)
    USART1_IRQHandler                        0x080001bb   Thumb Code     0  startup_stm32f103xb.o(.text)
    USART2_IRQHandler                        0x080001bb   Thumb Code     0  startup_stm32f103xb.o(.text)
    USART3_IRQHandler                        0x080001bb   Thumb Code     0  startup_stm32f103xb.o(.text)
    USBWakeUp_IRQHandler                     0x080001bb   Thumb Code     0  startup_stm32f103xb.o(.text)
    USB_HP_CAN1_TX_IRQHandler                0x080001bb   Thumb Code     0  startup_stm32f103xb.o(.text)
    USB_LP_CAN1_RX0_IRQHandler               0x080001bb   Thumb Code     0  startup_stm32f103xb.o(.text)
    WWDG_IRQHandler                          0x080001bb   Thumb Code     0  startup_stm32f103xb.o(.text)
    __user_initial_stackheap                 0x080001bd   Thumb Code     0  startup_stm32f103xb.o(.text)
    __aeabi_ldivmod                          0x080001e1   Thumb Code     0  llsdiv.o(.text)
    _ll_sdiv                                 0x080001e1   Thumb Code    72  llsdiv.o(.text)
    __2printf                                0x08000229   Thumb Code    20  noretval__2printf.o(.text)
    __printf                                 0x08000241   Thumb Code   104  __printf.o(.text)
    _printf_int_dec                          0x080002a9   Thumb Code   104  _printf_dec.o(.text)
    memcmp                                   0x08000321   Thumb Code    88  memcmp.o(.text)
    __aeabi_memset                           0x08000379   Thumb Code    16  aeabi_memset.o(.text)
    __aeabi_memclr4                          0x08000389   Thumb Code     0  rt_memclr_w.o(.text)
    __aeabi_memclr8                          0x08000389   Thumb Code     0  rt_memclr_w.o(.text)
    __rt_memclr_w                            0x08000389   Thumb Code    78  rt_memclr_w.o(.text)
    _memset_w                                0x0800038d   Thumb Code     0  rt_memclr_w.o(.text)
    __use_two_region_memory                  0x080003d7   Thumb Code     2  heapauxi.o(.text)
    __rt_heap_escrow                         0x080003d9   Thumb Code     2  heapauxi.o(.text)
    __rt_heap_expand                         0x080003db   Thumb Code     2  heapauxi.o(.text)
    __aeabi_uldivmod                         0x080003dd   Thumb Code     0  lludivv7m.o(.text)
    _ll_udiv                                 0x080003dd   Thumb Code   238  lludivv7m.o(.text)
    _printf_int_common                       0x080004cb   Thumb Code   178  _printf_intcommon.o(.text)
    _printf_char_file                        0x0800057d   Thumb Code    32  _printf_char_file.o(.text)
    __aeabi_memclr                           0x080005a1   Thumb Code     0  rt_memclr.o(.text)
    __rt_memclr                              0x080005a1   Thumb Code    68  rt_memclr.o(.text)
    _memset                                  0x080005a5   Thumb Code     0  rt_memclr.o(.text)
    __aeabi_errno_addr                       0x080005e5   Thumb Code     8  rt_errno_addr_intlibspace.o(.text)
    __errno$intlibspace                      0x080005e5   Thumb Code     0  rt_errno_addr_intlibspace.o(.text)
    __rt_errno_addr$intlibspace              0x080005e5   Thumb Code     0  rt_errno_addr_intlibspace.o(.text)
    _printf_char_common                      0x080005f7   Thumb Code    32  _printf_char_common.o(.text)
    ferror                                   0x0800061d   Thumb Code     8  ferror.o(.text)
    _initio                                  0x08000625   Thumb Code   210  initio.o(.text)
    _terminateio                             0x080006f7   Thumb Code    56  initio.o(.text)
    _sys_open                                0x0800075d   Thumb Code    20  sys_io.o(.text)
    _sys_close                               0x08000771   Thumb Code    12  sys_io.o(.text)
    _sys_write                               0x0800077d   Thumb Code    16  sys_io.o(.text)
    _sys_read                                0x0800078d   Thumb Code    14  sys_io.o(.text)
    _sys_istty                               0x0800079b   Thumb Code    12  sys_io.o(.text)
    _sys_seek                                0x080007a7   Thumb Code    14  sys_io.o(.text)
    _sys_ensure                              0x080007b5   Thumb Code     2  sys_io.o(.text)
    _sys_flen                                0x080007b7   Thumb Code    12  sys_io.o(.text)
    __user_libspace                          0x080007c5   Thumb Code     8  libspace.o(.text)
    __user_perproc_libspace                  0x080007c5   Thumb Code     0  libspace.o(.text)
    __user_perthread_libspace                0x080007c5   Thumb Code     0  libspace.o(.text)
    __user_setup_stackheap                   0x080007cd   Thumb Code    74  sys_stackheap_outer.o(.text)
    free                                     0x08000817   Thumb Code    78  h1_free.o(.text)
    __flsbuf                                 0x08000865   Thumb Code   470  flsbuf.o(.text)
    __flsbuf_byte                            0x08000865   Thumb Code     0  flsbuf.o(.text)
    __flsbuf_wide                            0x08000865   Thumb Code     0  flsbuf.o(.text)
    setvbuf                                  0x08000a3b   Thumb Code    70  setvbuf.o(.text)
    freopen                                  0x08000a81   Thumb Code   158  fopen.o(.text)
    fopen                                    0x08000b1f   Thumb Code    74  fopen.o(.text)
    _fclose_internal                         0x08000b6d   Thumb Code    76  fclose.o(.text)
    fclose                                   0x08000b6d   Thumb Code     0  fclose.o(.text)
    exit                                     0x08000bb9   Thumb Code    18  exit.o(.text)
    __rt_SIGRTRED                            0x08000bcb   Thumb Code    14  defsig_rtred_outer.o(.text)
    __I$use$semihosting                      0x08000bd9   Thumb Code     0  use_no_semi.o(.text)
    __use_no_semihosting_swi                 0x08000bd9   Thumb Code     2  use_no_semi.o(.text)
    __semihosting_library_function           0x08000bdb   Thumb Code     0  indicate_semi.o(.text)
    __rt_heap_descriptor                     0x08000bdd   Thumb Code     8  rt_heap_descriptor_intlibspace.o(.text)
    __use_no_heap                            0x08000be5   Thumb Code     2  hguard.o(.text)
    __heap$guard                             0x08000be7   Thumb Code     2  hguard.o(.text)
    _terminate_user_alloc                    0x08000be9   Thumb Code     2  init_alloc.o(.text)
    _init_user_alloc                         0x08000beb   Thumb Code     2  init_alloc.o(.text)
    __Heap_Full                              0x08000bed   Thumb Code    34  init_alloc.o(.text)
    __Heap_Broken                            0x08000c0f   Thumb Code     6  init_alloc.o(.text)
    _init_alloc                              0x08000c15   Thumb Code    94  init_alloc.o(.text)
    malloc                                   0x08000c73   Thumb Code    94  h1_alloc.o(.text)
    _fseek                                   0x08000cd1   Thumb Code   242  fseek.o(.text)
    fseek                                    0x08000cd1   Thumb Code     0  fseek.o(.text)
    _seterr                                  0x08000dc9   Thumb Code    20  stdio.o(.text)
    _writebuf                                0x08000ddd   Thumb Code    84  stdio.o(.text)
    _fflush                                  0x08000e31   Thumb Code    70  stdio.o(.text)
    _deferredlazyseek                        0x08000e77   Thumb Code    60  stdio.o(.text)
    __sig_exit                               0x08000eb9   Thumb Code    10  defsig_exit.o(.text)
    __rt_SIGRTRED_inner                      0x08000ec5   Thumb Code    14  defsig_rtred_inner.o(.text)
    strlen                                   0x08000ef9   Thumb Code    62  strlen.o(.text)
    _sys_exit                                0x08000f39   Thumb Code     8  sys_exit.o(.text)
    __Heap_Initialize                        0x08000f45   Thumb Code    10  h1_init.o(.text)
    __Heap_DescSize                          0x08000f4f   Thumb Code     4  h1_init.o(.text)
    __Heap_ProvideMemory                     0x08000f53   Thumb Code    52  h1_extend.o(.text)
    _ftell_internal                          0x08000f87   Thumb Code    66  ftell.o(.text)
    ftell                                    0x08000f87   Thumb Code     0  ftell.o(.text)
    __default_signal_display                 0x08000fc9   Thumb Code    50  defsig_general.o(.text)
    __rt_SIGRTMEM                            0x08000ffb   Thumb Code    14  defsig_rtmem_outer.o(.text)
    _ttywrch                                 0x08001009   Thumb Code    14  sys_wrch.o(.text)
    __rt_SIGRTMEM_inner                      0x08001019   Thumb Code    22  defsig_rtmem_inner.o(.text)
    ADC_ConversionStop_Disable               0x08001069   Thumb Code    86  stm32f1xx_hal_adc.o(i.ADC_ConversionStop_Disable)
    BusFault_Handler                         0x080010bf   Thumb Code     2  stm32f1xx_it.o(i.BusFault_Handler)
    DMP_Init                                 0x080010c1   Thumb Code   216  mpu6050.o(i.DMP_Init)
    DebugMon_Handler                         0x080012e5   Thumb Code     2  stm32f1xx_it.o(i.DebugMon_Handler)
    Error_Handler                            0x080012e7   Thumb Code     4  main.o(i.Error_Handler)
    HAL_ADC_ConfigChannel                    0x080012ed   Thumb Code   240  stm32f1xx_hal_adc.o(i.HAL_ADC_ConfigChannel)
    HAL_ADC_Init                             0x080013e9   Thumb Code   272  stm32f1xx_hal_adc.o(i.HAL_ADC_Init)
    HAL_ADC_MspInit                          0x08001505   Thumb Code    76  adc.o(i.HAL_ADC_MspInit)
    HAL_GPIO_Init                            0x0800155d   Thumb Code   446  stm32f1xx_hal_gpio.o(i.HAL_GPIO_Init)
    HAL_GPIO_ReadPin                         0x0800173d   Thumb Code    10  stm32f1xx_hal_gpio.o(i.HAL_GPIO_ReadPin)
    HAL_GPIO_WritePin                        0x08001747   Thumb Code    10  stm32f1xx_hal_gpio.o(i.HAL_GPIO_WritePin)
    HAL_GetTick                              0x08001751   Thumb Code    24  delay.o(i.HAL_GetTick)
    HAL_IncTick                              0x0800176d   Thumb Code    12  stm32f1xx_hal.o(i.HAL_IncTick)
    HAL_Init                                 0x0800177d   Thumb Code    32  stm32f1xx_hal.o(i.HAL_Init)
    HAL_InitTick                             0x080017a1   Thumb Code    44  delay.o(i.HAL_InitTick)
    HAL_MspInit                              0x080017dd   Thumb Code    52  stm32f1xx_hal_msp.o(i.HAL_MspInit)
    HAL_NVIC_DisableIRQ                      0x08001819   Thumb Code    34  stm32f1xx_hal_cortex.o(i.HAL_NVIC_DisableIRQ)
    HAL_NVIC_SetPriorityGrouping             0x0800183d   Thumb Code    26  stm32f1xx_hal_cortex.o(i.HAL_NVIC_SetPriorityGrouping)
    HAL_RCCEx_PeriphCLKConfig                0x08001861   Thumb Code   224  stm32f1xx_hal_rcc_ex.o(i.HAL_RCCEx_PeriphCLKConfig)
    HAL_RCC_ClockConfig                      0x0800194d   Thumb Code   280  stm32f1xx_hal_rcc.o(i.HAL_RCC_ClockConfig)
    HAL_RCC_GetSysClockFreq                  0x08001a79   Thumb Code    58  stm32f1xx_hal_rcc.o(i.HAL_RCC_GetSysClockFreq)
    HAL_RCC_OscConfig                        0x08001ac5   Thumb Code   778  stm32f1xx_hal_rcc.o(i.HAL_RCC_OscConfig)
    HardFault_Handler                        0x08001de5   Thumb Code     2  stm32f1xx_it.o(i.HardFault_Handler)
    I2C_ReadOneByte                          0x08001de7   Thumb Code    62  iic.o(i.I2C_ReadOneByte)
    IIC_Ack                                  0x08001e25   Thumb Code    82  iic.o(i.IIC_Ack)
    IIC_NAck                                 0x08001e7d   Thumb Code    82  iic.o(i.IIC_NAck)
    IIC_Read_Byte                            0x08001ed5   Thumb Code   116  iic.o(i.IIC_Read_Byte)
    IIC_Send_Byte                            0x08001f4d   Thumb Code   116  iic.o(i.IIC_Send_Byte)
    IIC_Start                                0x08001fc5   Thumb Code   108  iic.o(i.IIC_Start)
    IIC_Stop                                 0x08002035   Thumb Code    82  iic.o(i.IIC_Stop)
    IIC_Wait_Ack                             0x0800208d   Thumb Code   108  iic.o(i.IIC_Wait_Ack)
    IICreadByte                              0x080020fd   Thumb Code    14  iic.o(i.IICreadByte)
    IICwriteBit                              0x0800210b   Thumb Code    50  iic.o(i.IICwriteBit)
    IICwriteBits                             0x0800213d   Thumb Code    84  iic.o(i.IICwriteBits)
    IICwriteByte                             0x08002191   Thumb Code    12  iic.o(i.IICwriteByte)
    IICwriteBytes                            0x0800219d   Thumb Code    68  iic.o(i.IICwriteBytes)
    MPU6050_initialize                       0x080021e1   Thumb Code    42  mpu6050.o(i.MPU6050_initialize)
    MPU6050_setClockSource                   0x0800220b   Thumb Code    18  mpu6050.o(i.MPU6050_setClockSource)
    MPU6050_setFullScaleAccelRange           0x0800221d   Thumb Code    18  mpu6050.o(i.MPU6050_setFullScaleAccelRange)
    MPU6050_setFullScaleGyroRange            0x0800222f   Thumb Code    18  mpu6050.o(i.MPU6050_setFullScaleGyroRange)
    MPU6050_setI2CBypassEnabled              0x08002241   Thumb Code    12  mpu6050.o(i.MPU6050_setI2CBypassEnabled)
    MPU6050_setI2CMasterModeEnabled          0x0800224d   Thumb Code    12  mpu6050.o(i.MPU6050_setI2CMasterModeEnabled)
    MPU6050_setSleepEnabled                  0x08002259   Thumb Code    12  mpu6050.o(i.MPU6050_setSleepEnabled)
    MX_ADC1_Init                             0x08002265   Thumb Code    70  adc.o(i.MX_ADC1_Init)
    MX_GPIO_Init                             0x080022b5   Thumb Code   152  gpio.o(i.MX_GPIO_Init)
    MemManage_Handler                        0x08002359   Thumb Code     2  stm32f1xx_it.o(i.MemManage_Handler)
    NMI_Handler                              0x0800235b   Thumb Code     2  stm32f1xx_it.o(i.NMI_Handler)
    PendSV_Handler                           0x0800235d   Thumb Code     2  stm32f1xx_it.o(i.PendSV_Handler)
    SVC_Handler                              0x0800235f   Thumb Code     2  stm32f1xx_it.o(i.SVC_Handler)
    SysTick_Handler                          0x08002361   Thumb Code     4  stm32f1xx_it.o(i.SysTick_Handler)
    SystemClock_Config                       0x08002365   Thumb Code   120  main.o(i.SystemClock_Config)
    SystemInit                               0x080023dd   Thumb Code     2  system_stm32f1xx.o(i.SystemInit)
    UsageFault_Handler                       0x080023df   Thumb Code     2  stm32f1xx_it.o(i.UsageFault_Handler)
    delay_init                               0x08002461   Thumb Code    56  delay.o(i.delay_init)
    delay_ms                                 0x080024a1   Thumb Code    46  delay.o(i.delay_ms)
    delay_us                                 0x080024d5   Thumb Code     2  delay.o(i.delay_us)
    dmp_enable_6x_lp_quat                    0x080024d7   Thumb Code    58  inv_mpu_dmp_motion_driver.o(i.dmp_enable_6x_lp_quat)
    dmp_enable_feature                       0x08002511   Thumb Code   464  inv_mpu_dmp_motion_driver.o(i.dmp_enable_feature)
    dmp_enable_gyro_cal                      0x080026e9   Thumb Code    34  inv_mpu_dmp_motion_driver.o(i.dmp_enable_gyro_cal)
    dmp_enable_lp_quat                       0x08002725   Thumb Code    58  inv_mpu_dmp_motion_driver.o(i.dmp_enable_lp_quat)
    dmp_load_motion_driver_firmware          0x08002761   Thumb Code    16  inv_mpu_dmp_motion_driver.o(i.dmp_load_motion_driver_firmware)
    dmp_set_accel_bias                       0x08002775   Thumb Code   210  inv_mpu_dmp_motion_driver.o(i.dmp_set_accel_bias)
    dmp_set_fifo_rate                        0x0800284d   Thumb Code    82  inv_mpu_dmp_motion_driver.o(i.dmp_set_fifo_rate)
    dmp_set_gyro_bias                        0x080028b1   Thumb Code   196  inv_mpu_dmp_motion_driver.o(i.dmp_set_gyro_bias)
    dmp_set_orientation                      0x0800297d   Thumb Code   246  inv_mpu_dmp_motion_driver.o(i.dmp_set_orientation)
    dmp_set_shake_reject_thresh              0x08002a89   Thumb Code    48  inv_mpu_dmp_motion_driver.o(i.dmp_set_shake_reject_thresh)
    dmp_set_shake_reject_time                0x08002ab9   Thumb Code    32  inv_mpu_dmp_motion_driver.o(i.dmp_set_shake_reject_time)
    dmp_set_shake_reject_timeout             0x08002ad9   Thumb Code    32  inv_mpu_dmp_motion_driver.o(i.dmp_set_shake_reject_timeout)
    dmp_set_tap_axes                         0x08002af9   Thumb Code    64  inv_mpu_dmp_motion_driver.o(i.dmp_set_tap_axes)
    dmp_set_tap_count                        0x08002b39   Thumb Code    34  inv_mpu_dmp_motion_driver.o(i.dmp_set_tap_count)
    dmp_set_tap_thresh                       0x08002b5d   Thumb Code   274  inv_mpu_dmp_motion_driver.o(i.dmp_set_tap_thresh)
    dmp_set_tap_time                         0x08002c85   Thumb Code    32  inv_mpu_dmp_motion_driver.o(i.dmp_set_tap_time)
    dmp_set_tap_time_multi                   0x08002ca5   Thumb Code    32  inv_mpu_dmp_motion_driver.o(i.dmp_set_tap_time_multi)
    fputc                                    0x08002cc5   Thumb Code    26  fputc.o(i.fputc)
    i2cRead                                  0x08003175   Thumb Code   112  iic.o(i.i2cRead)
    i2cWrite                                 0x080031e5   Thumb Code    84  iic.o(i.i2cWrite)
    main                                     0x08003281   Thumb Code    36  main.o(i.main)
    mpu_configure_fifo                       0x080032a5   Thumb Code    78  inv_mpu.o(i.mpu_configure_fifo)
    mpu_get_accel_fsr                        0x080032f9   Thumb Code    54  inv_mpu.o(i.mpu_get_accel_fsr)
    mpu_get_accel_sens                       0x08003335   Thumb Code    62  inv_mpu.o(i.mpu_get_accel_sens)
    mpu_get_gyro_fsr                         0x08003379   Thumb Code    48  inv_mpu.o(i.mpu_get_gyro_fsr)
    mpu_get_gyro_sens                        0x080033ad   Thumb Code    44  inv_mpu.o(i.mpu_get_gyro_sens)
    mpu_get_lpf                              0x080033ed   Thumb Code    52  inv_mpu.o(i.mpu_get_lpf)
    mpu_get_sample_rate                      0x08003425   Thumb Code    22  inv_mpu.o(i.mpu_get_sample_rate)
    mpu_init                                 0x08003441   Thumb Code   310  inv_mpu.o(i.mpu_init)
    mpu_load_firmware                        0x080035c9   Thumb Code   154  inv_mpu.o(i.mpu_load_firmware)
    mpu_lp_accel_mode                        0x08003669   Thumb Code   178  inv_mpu.o(i.mpu_lp_accel_mode)
    mpu_read_mem                             0x08003721   Thumb Code    80  inv_mpu.o(i.mpu_read_mem)
    mpu_reset_fifo                           0x08003775   Thumb Code   330  inv_mpu.o(i.mpu_reset_fifo)
    mpu_run_self_test                        0x080038c5   Thumb Code   234  inv_mpu.o(i.mpu_run_self_test)
    mpu_set_accel_fsr                        0x080039b5   Thumb Code    98  inv_mpu.o(i.mpu_set_accel_fsr)
    mpu_set_bypass                           0x08003a1d   Thumb Code   214  inv_mpu.o(i.mpu_set_bypass)
    mpu_set_dmp_state                        0x08003af9   Thumb Code   114  inv_mpu.o(i.mpu_set_dmp_state)
    mpu_set_gyro_fsr                         0x08003b71   Thumb Code   104  inv_mpu.o(i.mpu_set_gyro_fsr)
    mpu_set_int_latched                      0x08003bdd   Thumb Code    94  inv_mpu.o(i.mpu_set_int_latched)
    mpu_set_lpf                              0x08003c41   Thumb Code   102  inv_mpu.o(i.mpu_set_lpf)
    mpu_set_sample_rate                      0x08003cad   Thumb Code   124  inv_mpu.o(i.mpu_set_sample_rate)
    mpu_set_sensors                          0x08003d2d   Thumb Code   178  inv_mpu.o(i.mpu_set_sensors)
    mpu_write_mem                            0x08003de5   Thumb Code    80  inv_mpu.o(i.mpu_write_mem)
    __aeabi_fadd                             0x08003f0d   Thumb Code     0  faddsub_clz.o(x$fpl$fadd)
    _fadd                                    0x08003f0d   Thumb Code   196  faddsub_clz.o(x$fpl$fadd)
    __fpl_fcheck_NaN1                        0x08003fd1   Thumb Code     6  fcheck1.o(x$fpl$fcheck1)
    __aeabi_fdiv                             0x08003fdd   Thumb Code     0  fdiv.o(x$fpl$fdiv)
    _fdiv                                    0x08003fdd   Thumb Code   384  fdiv.o(x$fpl$fdiv)
    __aeabi_f2iz                             0x08004161   Thumb Code     0  ffix.o(x$fpl$ffix)
    _ffix                                    0x08004161   Thumb Code    54  ffix.o(x$fpl$ffix)
    __aeabi_f2uiz                            0x08004199   Thumb Code     0  ffixu.o(x$fpl$ffixu)
    _ffixu                                   0x08004199   Thumb Code    62  ffixu.o(x$fpl$ffixu)
    __aeabi_i2f                              0x080041d9   Thumb Code     0  fflt_clz.o(x$fpl$fflt)
    _fflt                                    0x080041d9   Thumb Code    48  fflt_clz.o(x$fpl$fflt)
    __aeabi_ui2f                             0x08004209   Thumb Code     0  fflt_clz.o(x$fpl$ffltu)
    _ffltu                                   0x08004209   Thumb Code    38  fflt_clz.o(x$fpl$ffltu)
    __aeabi_fmul                             0x08004231   Thumb Code     0  fmul.o(x$fpl$fmul)
    _fmul                                    0x08004231   Thumb Code   258  fmul.o(x$fpl$fmul)
    __fpl_fnaninf                            0x08004333   Thumb Code   140  fnaninf.o(x$fpl$fnaninf)
    __fpl_fretinf                            0x080043bf   Thumb Code    10  fretinf.o(x$fpl$fretinf)
    __aeabi_fsub                             0x080043c9   Thumb Code     0  faddsub_clz.o(x$fpl$fsub)
    _fsub                                    0x080043c9   Thumb Code   234  faddsub_clz.o(x$fpl$fsub)
    __fpl_return_NaN                         0x080044b3   Thumb Code   100  retnan.o(x$fpl$retnan)
    __ARM_scalbnf                            0x08004517   Thumb Code    76  scalbnf.o(x$fpl$scalbnf)
    __fpl_cmpreturn                          0x08004563   Thumb Code    48  trapv.o(x$fpl$trapveneer)
    __I$use$fp                               0x08004592   Number         0  usenofp.o(x$fpl$usenofp)
    AHBPrescTable                            0x080045a4   Data          16  system_stm32f1xx.o(.constdata)
    hw                                       0x080045b4   Data          12  inv_mpu.o(.constdata)
    reg                                      0x080045c0   Data          27  inv_mpu.o(.constdata)
    test                                     0x080045dc   Data          40  inv_mpu.o(.constdata)
    __stdin_name                             0x080051fa   Data           4  sys_io.o(.constdata)
    __stdout_name                            0x080051fe   Data           4  sys_io.o(.constdata)
    __stderr_name                            0x08005202   Data           4  sys_io.o(.constdata)
    Region$$Table$$Base                      0x08005258   Number         0  anon$$obj.o(Region$$Table)
    Region$$Table$$Limit                     0x08005278   Number         0  anon$$obj.o(Region$$Table)
    uwTickFreq                               0x20000000   Data           1  stm32f1xx_hal.o(.data)
    uwTickPrio                               0x20000004   Data           4  stm32f1xx_hal.o(.data)
    uwTick                                   0x20000008   Data           4  stm32f1xx_hal.o(.data)
    SystemCoreClock                          0x2000000c   Data           4  system_stm32f1xx.o(.data)
    i_us                                     0x20000010   Data           2  delay.o(.data)
    i_ms                                     0x20000012   Data           2  delay.o(.data)
    dwt_us                                   0x20000014   Data           4  delay.o(.data)
    sensors                                  0x20000044   Data           2  mpu6050.o(.data)
    q0                                       0x20000048   Data           4  mpu6050.o(.data)
    q1                                       0x2000004c   Data           4  mpu6050.o(.data)
    q2                                       0x20000050   Data           4  mpu6050.o(.data)
    q3                                       0x20000054   Data           4  mpu6050.o(.data)
    Roll                                     0x20000058   Data           4  mpu6050.o(.data)
    Pitch                                    0x2000005c   Data           4  mpu6050.o(.data)
    Yaw                                      0x20000060   Data           4  mpu6050.o(.data)
    gyro                                     0x20000064   Data           6  mpu6050.o(.data)
    accel                                    0x2000006a   Data           6  mpu6050.o(.data)
    __aeabi_stdin                            0x2000007c   Data           4  stdio_streams.o(.data)
    __aeabi_stdout                           0x20000080   Data           4  stdio_streams.o(.data)
    __aeabi_stderr                           0x20000084   Data           4  stdio_streams.o(.data)
    hadc1                                    0x20000088   Data          48  adc.o(.bss)
    __stdin                                  0x200000c8   Data          84  stdio_streams.o(.bss)
    __stdout                                 0x2000011c   Data          84  stdio_streams.o(.bss)
    __stderr                                 0x20000170   Data          84  stdio_streams.o(.bss)
    __libspace_start                         0x200001c4   Data          96  libspace.o(.bss)
    __temporary_stack_top$libspace           0x20000224   Data           0  libspace.o(.bss)



==============================================================================

Memory Map of the image

  Image Entry point : 0x080000ed

  Load Region LR_IROM1 (Base: 0x08000000, Size: 0x00005300, Max: 0x00010000, ABSOLUTE)

    Execution Region ER_IROM1 (Exec base: 0x08000000, Load base: 0x08000000, Size: 0x00005278, Max: 0x00010000, ABSOLUTE)

    Exec Addr    Load Addr    Size         Type   Attr      Idx    E Section Name        Object

    0x08000000   0x08000000   0x000000ec   Data   RO            3    RESET               startup_stm32f103xb.o
    0x080000ec   0x080000ec   0x00000008   Code   RO         2538  * !!!main             c_w.l(__main.o)
    0x080000f4   0x080000f4   0x00000034   Code   RO         3027    !!!scatter          c_w.l(__scatter.o)
    0x08000128   0x08000128   0x0000001a   Code   RO         3029    !!handler_copy      c_w.l(__scatter_copy.o)
    0x08000142   0x08000142   0x00000002   PAD
    0x08000144   0x08000144   0x0000001c   Code   RO         3031    !!handler_zi        c_w.l(__scatter_zi.o)
    0x08000160   0x08000160   0x00000000   Code   RO         2529    .ARM.Collect$$_printf_percent$$00000000  c_w.l(_printf_percent.o)
    0x08000160   0x08000160   0x00000006   Code   RO         2528    .ARM.Collect$$_printf_percent$$00000009  c_w.l(_printf_d.o)
    0x08000166   0x08000166   0x00000004   Code   RO         2607    .ARM.Collect$$_printf_percent$$00000017  c_w.l(_printf_percent_end.o)
    0x0800016a   0x0800016a   0x00000002   Code   RO         2814    .ARM.Collect$$libinit$$00000000  c_w.l(libinit.o)
    0x0800016c   0x0800016c   0x00000000   Code   RO         2816    .ARM.Collect$$libinit$$00000002  c_w.l(libinit2.o)
    0x0800016c   0x0800016c   0x00000000   Code   RO         2818    .ARM.Collect$$libinit$$00000004  c_w.l(libinit2.o)
    0x0800016c   0x0800016c   0x00000008   Code   RO         2819    .ARM.Collect$$libinit$$00000005  c_w.l(libinit2.o)
    0x08000174   0x08000174   0x00000000   Code   RO         2821    .ARM.Collect$$libinit$$0000000A  c_w.l(libinit2.o)
    0x08000174   0x08000174   0x00000000   Code   RO         2823    .ARM.Collect$$libinit$$0000000C  c_w.l(libinit2.o)
    0x08000174   0x08000174   0x00000000   Code   RO         2825    .ARM.Collect$$libinit$$0000000E  c_w.l(libinit2.o)
    0x08000174   0x08000174   0x00000000   Code   RO         2828    .ARM.Collect$$libinit$$00000011  c_w.l(libinit2.o)
    0x08000174   0x08000174   0x00000000   Code   RO         2830    .ARM.Collect$$libinit$$00000013  c_w.l(libinit2.o)
    0x08000174   0x08000174   0x00000000   Code   RO         2832    .ARM.Collect$$libinit$$00000015  c_w.l(libinit2.o)
    0x08000174   0x08000174   0x00000000   Code   RO         2834    .ARM.Collect$$libinit$$00000017  c_w.l(libinit2.o)
    0x08000174   0x08000174   0x00000000   Code   RO         2836    .ARM.Collect$$libinit$$00000019  c_w.l(libinit2.o)
    0x08000174   0x08000174   0x00000000   Code   RO         2838    .ARM.Collect$$libinit$$0000001B  c_w.l(libinit2.o)
    0x08000174   0x08000174   0x00000000   Code   RO         2840    .ARM.Collect$$libinit$$0000001D  c_w.l(libinit2.o)
    0x08000174   0x08000174   0x00000000   Code   RO         2842    .ARM.Collect$$libinit$$0000001F  c_w.l(libinit2.o)
    0x08000174   0x08000174   0x00000000   Code   RO         2844    .ARM.Collect$$libinit$$00000021  c_w.l(libinit2.o)
    0x08000174   0x08000174   0x00000000   Code   RO         2846    .ARM.Collect$$libinit$$00000023  c_w.l(libinit2.o)
    0x08000174   0x08000174   0x00000004   Code   RO         2847    .ARM.Collect$$libinit$$00000024  c_w.l(libinit2.o)
    0x08000178   0x08000178   0x00000000   Code   RO         2848    .ARM.Collect$$libinit$$00000025  c_w.l(libinit2.o)
    0x08000178   0x08000178   0x00000000   Code   RO         2852    .ARM.Collect$$libinit$$0000002C  c_w.l(libinit2.o)
    0x08000178   0x08000178   0x00000000   Code   RO         2854    .ARM.Collect$$libinit$$0000002E  c_w.l(libinit2.o)
    0x08000178   0x08000178   0x00000000   Code   RO         2856    .ARM.Collect$$libinit$$00000030  c_w.l(libinit2.o)
    0x08000178   0x08000178   0x00000000   Code   RO         2858    .ARM.Collect$$libinit$$00000032  c_w.l(libinit2.o)
    0x08000178   0x08000178   0x00000002   Code   RO         2859    .ARM.Collect$$libinit$$00000033  c_w.l(libinit2.o)
    0x0800017a   0x0800017a   0x00000002   Code   RO         3008    .ARM.Collect$$libshutdown$$00000000  c_w.l(libshutdown.o)
    0x0800017c   0x0800017c   0x00000000   Code   RO         2861    .ARM.Collect$$libshutdown$$00000002  c_w.l(libshutdown2.o)
    0x0800017c   0x0800017c   0x00000004   Code   RO         2862    .ARM.Collect$$libshutdown$$00000003  c_w.l(libshutdown2.o)
    0x08000180   0x08000180   0x00000000   Code   RO         2863    .ARM.Collect$$libshutdown$$00000004  c_w.l(libshutdown2.o)
    0x08000180   0x08000180   0x00000000   Code   RO         2866    .ARM.Collect$$libshutdown$$00000007  c_w.l(libshutdown2.o)
    0x08000180   0x08000180   0x00000000   Code   RO         2869    .ARM.Collect$$libshutdown$$0000000A  c_w.l(libshutdown2.o)
    0x08000180   0x08000180   0x00000000   Code   RO         2871    .ARM.Collect$$libshutdown$$0000000C  c_w.l(libshutdown2.o)
    0x08000180   0x08000180   0x00000000   Code   RO         2874    .ARM.Collect$$libshutdown$$0000000F  c_w.l(libshutdown2.o)
    0x08000180   0x08000180   0x00000002   Code   RO         2875    .ARM.Collect$$libshutdown$$00000010  c_w.l(libshutdown2.o)
    0x08000182   0x08000182   0x00000000   Code   RO         2598    .ARM.Collect$$rtentry$$00000000  c_w.l(__rtentry.o)
    0x08000182   0x08000182   0x00000000   Code   RO         2671    .ARM.Collect$$rtentry$$00000002  c_w.l(__rtentry2.o)
    0x08000182   0x08000182   0x00000006   Code   RO         2683    .ARM.Collect$$rtentry$$00000004  c_w.l(__rtentry4.o)
    0x08000188   0x08000188   0x00000000   Code   RO         2673    .ARM.Collect$$rtentry$$00000009  c_w.l(__rtentry2.o)
    0x08000188   0x08000188   0x00000004   Code   RO         2674    .ARM.Collect$$rtentry$$0000000A  c_w.l(__rtentry2.o)
    0x0800018c   0x0800018c   0x00000000   Code   RO         2676    .ARM.Collect$$rtentry$$0000000C  c_w.l(__rtentry2.o)
    0x0800018c   0x0800018c   0x00000008   Code   RO         2677    .ARM.Collect$$rtentry$$0000000D  c_w.l(__rtentry2.o)
    0x08000194   0x08000194   0x00000002   Code   RO         2885    .ARM.Collect$$rtexit$$00000000  c_w.l(rtexit.o)
    0x08000196   0x08000196   0x00000000   Code   RO         2947    .ARM.Collect$$rtexit$$00000002  c_w.l(rtexit2.o)
    0x08000196   0x08000196   0x00000004   Code   RO         2948    .ARM.Collect$$rtexit$$00000003  c_w.l(rtexit2.o)
    0x0800019a   0x0800019a   0x00000006   Code   RO         2949    .ARM.Collect$$rtexit$$00000004  c_w.l(rtexit2.o)
    0x080001a0   0x080001a0   0x00000000   Code   RO         2953    .emb_text           c_w.l(maybetermalloc1.o)
    0x080001a0   0x080001a0   0x00000040   Code   RO            4    .text               startup_stm32f103xb.o
    0x080001e0   0x080001e0   0x00000048   Code   RO         2498    .text               c_w.l(llsdiv.o)
    0x08000228   0x08000228   0x00000018   Code   RO         2502    .text               c_w.l(noretval__2printf.o)
    0x08000240   0x08000240   0x00000068   Code   RO         2504    .text               c_w.l(__printf.o)
    0x080002a8   0x080002a8   0x00000078   Code   RO         2506    .text               c_w.l(_printf_dec.o)
    0x08000320   0x08000320   0x00000058   Code   RO         2530    .text               c_w.l(memcmp.o)
    0x08000378   0x08000378   0x00000010   Code   RO         2532    .text               c_w.l(aeabi_memset.o)
    0x08000388   0x08000388   0x0000004e   Code   RO         2534    .text               c_w.l(rt_memclr_w.o)
    0x080003d6   0x080003d6   0x00000006   Code   RO         2536    .text               c_w.l(heapauxi.o)
    0x080003dc   0x080003dc   0x000000ee   Code   RO         2599    .text               c_w.l(lludivv7m.o)
    0x080004ca   0x080004ca   0x000000b2   Code   RO         2603    .text               c_w.l(_printf_intcommon.o)
    0x0800057c   0x0800057c   0x00000024   Code   RO         2605    .text               c_w.l(_printf_char_file.o)
    0x080005a0   0x080005a0   0x00000044   Code   RO         2614    .text               c_w.l(rt_memclr.o)
    0x080005e4   0x080005e4   0x00000008   Code   RO         2692    .text               c_w.l(rt_errno_addr_intlibspace.o)
    0x080005ec   0x080005ec   0x00000030   Code   RO         2694    .text               c_w.l(_printf_char_common.o)
    0x0800061c   0x0800061c   0x00000008   Code   RO         2696    .text               c_w.l(ferror.o)
    0x08000624   0x08000624   0x00000138   Code   RO         2702    .text               c_w.l(initio.o)
    0x0800075c   0x0800075c   0x00000066   Code   RO         2718    .text               c_w.l(sys_io.o)
    0x080007c2   0x080007c2   0x00000002   PAD
    0x080007c4   0x080007c4   0x00000008   Code   RO         2723    .text               c_w.l(libspace.o)
    0x080007cc   0x080007cc   0x0000004a   Code   RO         2728    .text               c_w.l(sys_stackheap_outer.o)
    0x08000816   0x08000816   0x0000004e   Code   RO         2734    .text               c_w.l(h1_free.o)
    0x08000864   0x08000864   0x000001d6   Code   RO         2790    .text               c_w.l(flsbuf.o)
    0x08000a3a   0x08000a3a   0x00000046   Code   RO         2792    .text               c_w.l(setvbuf.o)
    0x08000a80   0x08000a80   0x000000ec   Code   RO         2795    .text               c_w.l(fopen.o)
    0x08000b6c   0x08000b6c   0x0000004c   Code   RO         2797    .text               c_w.l(fclose.o)
    0x08000bb8   0x08000bb8   0x00000012   Code   RO         2803    .text               c_w.l(exit.o)
    0x08000bca   0x08000bca   0x0000000e   Code   RO         2805    .text               c_w.l(defsig_rtred_outer.o)
    0x08000bd8   0x08000bd8   0x00000002   Code   RO         2882    .text               c_w.l(use_no_semi.o)
    0x08000bda   0x08000bda   0x00000000   Code   RO         2884    .text               c_w.l(indicate_semi.o)
    0x08000bda   0x08000bda   0x00000002   PAD
    0x08000bdc   0x08000bdc   0x00000008   Code   RO         2892    .text               c_w.l(rt_heap_descriptor_intlibspace.o)
    0x08000be4   0x08000be4   0x00000004   Code   RO         2894    .text               c_w.l(hguard.o)
    0x08000be8   0x08000be8   0x0000008a   Code   RO         2896    .text               c_w.l(init_alloc.o)
    0x08000c72   0x08000c72   0x0000005e   Code   RO         2902    .text               c_w.l(h1_alloc.o)
    0x08000cd0   0x08000cd0   0x000000f8   Code   RO         2918    .text               c_w.l(fseek.o)
    0x08000dc8   0x08000dc8   0x000000f0   Code   RO         2920    .text               c_w.l(stdio.o)
    0x08000eb8   0x08000eb8   0x0000000a   Code   RO         2926    .text               c_w.l(defsig_exit.o)
    0x08000ec2   0x08000ec2   0x00000002   PAD
    0x08000ec4   0x08000ec4   0x00000034   Code   RO         2932    .text               c_w.l(defsig_rtred_inner.o)
    0x08000ef8   0x08000ef8   0x0000003e   Code   RO         2936    .text               c_w.l(strlen.o)
    0x08000f36   0x08000f36   0x00000002   PAD
    0x08000f38   0x08000f38   0x0000000c   Code   RO         2944    .text               c_w.l(sys_exit.o)
    0x08000f44   0x08000f44   0x0000000e   Code   RO         2955    .text               c_w.l(h1_init.o)
    0x08000f52   0x08000f52   0x00000034   Code   RO         2957    .text               c_w.l(h1_extend.o)
    0x08000f86   0x08000f86   0x00000042   Code   RO         2967    .text               c_w.l(ftell.o)
    0x08000fc8   0x08000fc8   0x00000032   Code   RO         2975    .text               c_w.l(defsig_general.o)
    0x08000ffa   0x08000ffa   0x0000000e   Code   RO         2979    .text               c_w.l(defsig_rtmem_outer.o)
    0x08001008   0x08001008   0x0000000e   Code   RO         2994    .text               c_w.l(sys_wrch.o)
    0x08001016   0x08001016   0x00000002   PAD
    0x08001018   0x08001018   0x00000050   Code   RO         3002    .text               c_w.l(defsig_rtmem_inner.o)
    0x08001068   0x08001068   0x00000056   Code   RO          393    i.ADC_ConversionStop_Disable  stm32f1xx_hal_adc.o
    0x080010be   0x080010be   0x00000002   Code   RO          258    i.BusFault_Handler  stm32f1xx_it.o
    0x080010c0   0x080010c0   0x00000224   Code   RO         2382    i.DMP_Init          mpu6050.o
    0x080012e4   0x080012e4   0x00000002   Code   RO          259    i.DebugMon_Handler  stm32f1xx_it.o
    0x080012e6   0x080012e6   0x00000004   Code   RO           13    i.Error_Handler     main.o
    0x080012ea   0x080012ea   0x00000002   PAD
    0x080012ec   0x080012ec   0x000000fc   Code   RO          399    i.HAL_ADC_ConfigChannel  stm32f1xx_hal_adc.o
    0x080013e8   0x080013e8   0x0000011c   Code   RO          408    i.HAL_ADC_Init      stm32f1xx_hal_adc.o
    0x08001504   0x08001504   0x00000058   Code   RO          217    i.HAL_ADC_MspInit   adc.o
    0x0800155c   0x0800155c   0x000001e0   Code   RO          986    i.HAL_GPIO_Init     stm32f1xx_hal_gpio.o
    0x0800173c   0x0800173c   0x0000000a   Code   RO          988    i.HAL_GPIO_ReadPin  stm32f1xx_hal_gpio.o
    0x08001746   0x08001746   0x0000000a   Code   RO          990    i.HAL_GPIO_WritePin  stm32f1xx_hal_gpio.o
    0x08001750   0x08001750   0x0000001c   Code   RO         1723    i.HAL_GetTick       delay.o
    0x0800176c   0x0800176c   0x00000010   Code   RO          686    i.HAL_IncTick       stm32f1xx_hal.o
    0x0800177c   0x0800177c   0x00000024   Code   RO          687    i.HAL_Init          stm32f1xx_hal.o
    0x080017a0   0x080017a0   0x0000003c   Code   RO         1724    i.HAL_InitTick      delay.o
    0x080017dc   0x080017dc   0x0000003c   Code   RO          333    i.HAL_MspInit       stm32f1xx_hal_msp.o
    0x08001818   0x08001818   0x00000022   Code   RO         1145    i.HAL_NVIC_DisableIRQ  stm32f1xx_hal_cortex.o
    0x0800183a   0x0800183a   0x00000002   PAD
    0x0800183c   0x0800183c   0x00000024   Code   RO         1153    i.HAL_NVIC_SetPriorityGrouping  stm32f1xx_hal_cortex.o
    0x08001860   0x08001860   0x000000ec   Code   RO          948    i.HAL_RCCEx_PeriphCLKConfig  stm32f1xx_hal_rcc_ex.o
    0x0800194c   0x0800194c   0x0000012c   Code   RO          844    i.HAL_RCC_ClockConfig  stm32f1xx_hal_rcc.o
    0x08001a78   0x08001a78   0x0000004c   Code   RO          853    i.HAL_RCC_GetSysClockFreq  stm32f1xx_hal_rcc.o
    0x08001ac4   0x08001ac4   0x00000320   Code   RO          856    i.HAL_RCC_OscConfig  stm32f1xx_hal_rcc.o
    0x08001de4   0x08001de4   0x00000002   Code   RO          260    i.HardFault_Handler  stm32f1xx_it.o
    0x08001de6   0x08001de6   0x0000003e   Code   RO         1789    i.I2C_ReadOneByte   iic.o
    0x08001e24   0x08001e24   0x00000058   Code   RO         1790    i.IIC_Ack           iic.o
    0x08001e7c   0x08001e7c   0x00000058   Code   RO         1791    i.IIC_NAck          iic.o
    0x08001ed4   0x08001ed4   0x00000078   Code   RO         1792    i.IIC_Read_Byte     iic.o
    0x08001f4c   0x08001f4c   0x00000078   Code   RO         1793    i.IIC_Send_Byte     iic.o
    0x08001fc4   0x08001fc4   0x00000070   Code   RO         1794    i.IIC_Start         iic.o
    0x08002034   0x08002034   0x00000058   Code   RO         1795    i.IIC_Stop          iic.o
    0x0800208c   0x0800208c   0x00000070   Code   RO         1796    i.IIC_Wait_Ack      iic.o
    0x080020fc   0x080020fc   0x0000000e   Code   RO         1797    i.IICreadByte       iic.o
    0x0800210a   0x0800210a   0x00000032   Code   RO         1799    i.IICwriteBit       iic.o
    0x0800213c   0x0800213c   0x00000054   Code   RO         1800    i.IICwriteBits      iic.o
    0x08002190   0x08002190   0x0000000c   Code   RO         1801    i.IICwriteByte      iic.o
    0x0800219c   0x0800219c   0x00000044   Code   RO         1802    i.IICwriteBytes     iic.o
    0x080021e0   0x080021e0   0x0000002a   Code   RO         2384    i.MPU6050_initialize  mpu6050.o
    0x0800220a   0x0800220a   0x00000012   Code   RO         2386    i.MPU6050_setClockSource  mpu6050.o
    0x0800221c   0x0800221c   0x00000012   Code   RO         2387    i.MPU6050_setFullScaleAccelRange  mpu6050.o
    0x0800222e   0x0800222e   0x00000012   Code   RO         2388    i.MPU6050_setFullScaleGyroRange  mpu6050.o
    0x08002240   0x08002240   0x0000000c   Code   RO         2389    i.MPU6050_setI2CBypassEnabled  mpu6050.o
    0x0800224c   0x0800224c   0x0000000c   Code   RO         2390    i.MPU6050_setI2CMasterModeEnabled  mpu6050.o
    0x08002258   0x08002258   0x0000000c   Code   RO         2391    i.MPU6050_setSleepEnabled  mpu6050.o
    0x08002264   0x08002264   0x00000050   Code   RO          218    i.MX_ADC1_Init      adc.o
    0x080022b4   0x080022b4   0x000000a4   Code   RO          188    i.MX_GPIO_Init      gpio.o
    0x08002358   0x08002358   0x00000002   Code   RO          261    i.MemManage_Handler  stm32f1xx_it.o
    0x0800235a   0x0800235a   0x00000002   Code   RO          262    i.NMI_Handler       stm32f1xx_it.o
    0x0800235c   0x0800235c   0x00000002   Code   RO          263    i.PendSV_Handler    stm32f1xx_it.o
    0x0800235e   0x0800235e   0x00000002   Code   RO          264    i.SVC_Handler       stm32f1xx_it.o
    0x08002360   0x08002360   0x00000004   Code   RO          265    i.SysTick_Handler   stm32f1xx_it.o
    0x08002364   0x08002364   0x00000078   Code   RO           14    i.SystemClock_Config  main.o
    0x080023dc   0x080023dc   0x00000002   Code   RO         1683    i.SystemInit        system_stm32f1xx.o
    0x080023de   0x080023de   0x00000002   Code   RO          266    i.UsageFault_Handler  stm32f1xx_it.o
    0x080023e0   0x080023e0   0x00000080   Code   RO         1902    i.accel_self_test   inv_mpu.o
    0x08002460   0x08002460   0x00000040   Code   RO         1725    i.delay_init        delay.o
    0x080024a0   0x080024a0   0x00000034   Code   RO         1726    i.delay_ms          delay.o
    0x080024d4   0x080024d4   0x00000002   Code   RO         1727    i.delay_us          delay.o
    0x080024d6   0x080024d6   0x0000003a   Code   RO         2203    i.dmp_enable_6x_lp_quat  inv_mpu_dmp_motion_driver.o
    0x08002510   0x08002510   0x000001d8   Code   RO         2204    i.dmp_enable_feature  inv_mpu_dmp_motion_driver.o
    0x080026e8   0x080026e8   0x0000003c   Code   RO         2205    i.dmp_enable_gyro_cal  inv_mpu_dmp_motion_driver.o
    0x08002724   0x08002724   0x0000003a   Code   RO         2206    i.dmp_enable_lp_quat  inv_mpu_dmp_motion_driver.o
    0x0800275e   0x0800275e   0x00000002   PAD
    0x08002760   0x08002760   0x00000014   Code   RO         2211    i.dmp_load_motion_driver_firmware  inv_mpu_dmp_motion_driver.o
    0x08002774   0x08002774   0x000000d8   Code   RO         2215    i.dmp_set_accel_bias  inv_mpu_dmp_motion_driver.o
    0x0800284c   0x0800284c   0x00000064   Code   RO         2216    i.dmp_set_fifo_rate  inv_mpu_dmp_motion_driver.o
    0x080028b0   0x080028b0   0x000000cc   Code   RO         2217    i.dmp_set_gyro_bias  inv_mpu_dmp_motion_driver.o
    0x0800297c   0x0800297c   0x0000010c   Code   RO         2219    i.dmp_set_orientation  inv_mpu_dmp_motion_driver.o
    0x08002a88   0x08002a88   0x00000030   Code   RO         2222    i.dmp_set_shake_reject_thresh  inv_mpu_dmp_motion_driver.o
    0x08002ab8   0x08002ab8   0x00000020   Code   RO         2223    i.dmp_set_shake_reject_time  inv_mpu_dmp_motion_driver.o
    0x08002ad8   0x08002ad8   0x00000020   Code   RO         2224    i.dmp_set_shake_reject_timeout  inv_mpu_dmp_motion_driver.o
    0x08002af8   0x08002af8   0x00000040   Code   RO         2225    i.dmp_set_tap_axes  inv_mpu_dmp_motion_driver.o
    0x08002b38   0x08002b38   0x00000022   Code   RO         2226    i.dmp_set_tap_count  inv_mpu_dmp_motion_driver.o
    0x08002b5a   0x08002b5a   0x00000002   PAD
    0x08002b5c   0x08002b5c   0x00000128   Code   RO         2227    i.dmp_set_tap_thresh  inv_mpu_dmp_motion_driver.o
    0x08002c84   0x08002c84   0x00000020   Code   RO         2228    i.dmp_set_tap_time  inv_mpu_dmp_motion_driver.o
    0x08002ca4   0x08002ca4   0x00000020   Code   RO         2229    i.dmp_set_tap_time_multi  inv_mpu_dmp_motion_driver.o
    0x08002cc4   0x08002cc4   0x0000001a   Code   RO         2699    i.fputc             c_w.l(fputc.o)
    0x08002cde   0x08002cde   0x00000002   PAD
    0x08002ce0   0x08002ce0   0x000000ac   Code   RO         1903    i.get_accel_prod_shift  inv_mpu.o
    0x08002d8c   0x08002d8c   0x00000314   Code   RO         1904    i.get_st_biases     inv_mpu.o
    0x080030a0   0x080030a0   0x000000d4   Code   RO         1905    i.gyro_self_test    inv_mpu.o
    0x08003174   0x08003174   0x00000070   Code   RO         1803    i.i2cRead           iic.o
    0x080031e4   0x080031e4   0x00000054   Code   RO         1804    i.i2cWrite          iic.o
    0x08003238   0x08003238   0x00000048   Code   RO         2395    i.inv_row_2_scale   mpu6050.o
    0x08003280   0x08003280   0x00000024   Code   RO           15    i.main              main.o
    0x080032a4   0x080032a4   0x00000054   Code   RO         1906    i.mpu_configure_fifo  inv_mpu.o
    0x080032f8   0x080032f8   0x0000003c   Code   RO         1907    i.mpu_get_accel_fsr  inv_mpu.o
    0x08003334   0x08003334   0x00000044   Code   RO         1909    i.mpu_get_accel_sens  inv_mpu.o
    0x08003378   0x08003378   0x00000034   Code   RO         1915    i.mpu_get_gyro_fsr  inv_mpu.o
    0x080033ac   0x080033ac   0x00000040   Code   RO         1917    i.mpu_get_gyro_sens  inv_mpu.o
    0x080033ec   0x080033ec   0x00000038   Code   RO         1919    i.mpu_get_lpf       inv_mpu.o
    0x08003424   0x08003424   0x0000001c   Code   RO         1921    i.mpu_get_sample_rate  inv_mpu.o
    0x08003440   0x08003440   0x00000188   Code   RO         1923    i.mpu_init          inv_mpu.o
    0x080035c8   0x080035c8   0x000000a0   Code   RO         1924    i.mpu_load_firmware  inv_mpu.o
    0x08003668   0x08003668   0x000000b8   Code   RO         1925    i.mpu_lp_accel_mode  inv_mpu.o
    0x08003720   0x08003720   0x00000054   Code   RO         1929    i.mpu_read_mem      inv_mpu.o
    0x08003774   0x08003774   0x00000150   Code   RO         1932    i.mpu_reset_fifo    inv_mpu.o
    0x080038c4   0x080038c4   0x000000f0   Code   RO         1933    i.mpu_run_self_test  inv_mpu.o
    0x080039b4   0x080039b4   0x00000068   Code   RO         1935    i.mpu_set_accel_fsr  inv_mpu.o
    0x08003a1c   0x08003a1c   0x000000dc   Code   RO         1936    i.mpu_set_bypass    inv_mpu.o
    0x08003af8   0x08003af8   0x00000078   Code   RO         1938    i.mpu_set_dmp_state  inv_mpu.o
    0x08003b70   0x08003b70   0x0000006c   Code   RO         1939    i.mpu_set_gyro_fsr  inv_mpu.o
    0x08003bdc   0x08003bdc   0x00000064   Code   RO         1940    i.mpu_set_int_latched  inv_mpu.o
    0x08003c40   0x08003c40   0x0000006c   Code   RO         1942    i.mpu_set_lpf       inv_mpu.o
    0x08003cac   0x08003cac   0x00000080   Code   RO         1943    i.mpu_set_sample_rate  inv_mpu.o
    0x08003d2c   0x08003d2c   0x000000b8   Code   RO         1944    i.mpu_set_sensors   inv_mpu.o
    0x08003de4   0x08003de4   0x00000054   Code   RO         1945    i.mpu_write_mem     inv_mpu.o
    0x08003e38   0x08003e38   0x0000007a   Code   RO         2396    i.run_self_test     mpu6050.o
    0x08003eb2   0x08003eb2   0x00000002   PAD
    0x08003eb4   0x08003eb4   0x00000058   Code   RO         1947    i.set_int_enable    inv_mpu.o
    0x08003f0c   0x08003f0c   0x000000c4   Code   RO         2552    x$fpl$fadd          fz_ws.l(faddsub_clz.o)
    0x08003fd0   0x08003fd0   0x0000000c   Code   RO         2624    x$fpl$fcheck1       fz_ws.l(fcheck1.o)
    0x08003fdc   0x08003fdc   0x00000184   Code   RO         2559    x$fpl$fdiv          fz_ws.l(fdiv.o)
    0x08004160   0x08004160   0x00000036   Code   RO         2562    x$fpl$ffix          fz_ws.l(ffix.o)
    0x08004196   0x08004196   0x00000002   PAD
    0x08004198   0x08004198   0x0000003e   Code   RO         2566    x$fpl$ffixu         fz_ws.l(ffixu.o)
    0x080041d6   0x080041d6   0x00000002   PAD
    0x080041d8   0x080041d8   0x00000030   Code   RO         2571    x$fpl$fflt          fz_ws.l(fflt_clz.o)
    0x08004208   0x08004208   0x00000026   Code   RO         2570    x$fpl$ffltu         fz_ws.l(fflt_clz.o)
    0x0800422e   0x0800422e   0x00000002   PAD
    0x08004230   0x08004230   0x00000102   Code   RO         2576    x$fpl$fmul          fz_ws.l(fmul.o)
    0x08004332   0x08004332   0x0000008c   Code   RO         2626    x$fpl$fnaninf       fz_ws.l(fnaninf.o)
    0x080043be   0x080043be   0x0000000a   Code   RO         2628    x$fpl$fretinf       fz_ws.l(fretinf.o)
    0x080043c8   0x080043c8   0x000000ea   Code   RO         2554    x$fpl$fsub          fz_ws.l(faddsub_clz.o)
    0x080044b2   0x080044b2   0x00000064   Code   RO         2716    x$fpl$retnan        fz_ws.l(retnan.o)
    0x08004516   0x08004516   0x0000004c   Code   RO         2578    x$fpl$scalbnf       fz_ws.l(scalbnf.o)
    0x08004562   0x08004562   0x00000030   Code   RO         2880    x$fpl$trapveneer    fz_ws.l(trapv.o)
    0x08004592   0x08004592   0x00000000   Code   RO         2632    x$fpl$usenofp       fz_ws.l(usenofp.o)
    0x08004592   0x08004592   0x00000012   Data   RO          857    .constdata          stm32f1xx_hal_rcc.o
    0x080045a4   0x080045a4   0x00000010   Data   RO         1684    .constdata          system_stm32f1xx.o
    0x080045b4   0x080045b4   0x0000000c   Data   RO         1948    .constdata          inv_mpu.o
    0x080045c0   0x080045c0   0x0000001b   Data   RO         1949    .constdata          inv_mpu.o
    0x080045db   0x080045db   0x00000001   PAD
    0x080045dc   0x080045dc   0x00000028   Data   RO         1950    .constdata          inv_mpu.o
    0x08004604   0x08004604   0x00000bf6   Data   RO         2231    .constdata          inv_mpu_dmp_motion_driver.o
    0x080051fa   0x080051fa   0x00000004   Data   RO         2719    .constdata          c_w.l(sys_io.o)
    0x080051fe   0x080051fe   0x00000004   Data   RO         2720    .constdata          c_w.l(sys_io.o)
    0x08005202   0x08005202   0x00000004   Data   RO         2721    .constdata          c_w.l(sys_io.o)
    0x08005206   0x08005206   0x00000002   PAD
    0x08005208   0x08005208   0x0000004e   Data   RO         1951    .conststring        inv_mpu.o
    0x08005256   0x08005256   0x00000002   PAD
    0x08005258   0x08005258   0x00000020   Data   RO         3025    Region$$Table       anon$$obj.o


    Execution Region RW_IRAM1 (Exec base: 0x20000000, Load base: 0x08005278, Size: 0x00000828, Max: 0x00005000, ABSOLUTE)

    Exec Addr    Load Addr    Size         Type   Attr      Idx    E Section Name        Object

    0x20000000   0x08005278   0x0000000c   Data   RW          694    .data               stm32f1xx_hal.o
    0x2000000c   0x08005284   0x00000004   Data   RW         1686    .data               system_stm32f1xx.o
    0x20000010   0x08005288   0x00000008   Data   RW         1728    .data               delay.o
    0x20000018   0x08005290   0x0000002c   Data   RW         1952    .data               inv_mpu.o
    0x20000044   0x080052bc   0x00000035   Data   RW         2398    .data               mpu6050.o
    0x20000079   0x080052f1   0x00000003   PAD
    0x2000007c   0x080052f4   0x00000004   Data   RW         2611    .data               c_w.l(stdio_streams.o)
    0x20000080   0x080052f8   0x00000004   Data   RW         2612    .data               c_w.l(stdio_streams.o)
    0x20000084   0x080052fc   0x00000004   Data   RW         2613    .data               c_w.l(stdio_streams.o)
    0x20000088        -       0x00000030   Zero   RW          219    .bss                adc.o
    0x200000b8        -       0x00000010   Zero   RW         2230    .bss                inv_mpu_dmp_motion_driver.o
    0x200000c8        -       0x00000054   Zero   RW         2608    .bss                c_w.l(stdio_streams.o)
    0x2000011c        -       0x00000054   Zero   RW         2609    .bss                c_w.l(stdio_streams.o)
    0x20000170        -       0x00000054   Zero   RW         2610    .bss                c_w.l(stdio_streams.o)
    0x200001c4        -       0x00000060   Zero   RW         2724    .bss                c_w.l(libspace.o)
    0x20000224   0x08005300   0x00000004   PAD
    0x20000228        -       0x00000200   Zero   RW            2    HEAP                startup_stm32f103xb.o
    0x20000428        -       0x00000400   Zero   RW            1    STACK               startup_stm32f103xb.o


==============================================================================

Image component sizes


      Code (inc. data)   RO Data    RW Data    ZI Data      Debug   Object Name

       168         22          0          0         48       1677   adc.o
       206         34          0          8          0       2939   delay.o
       164         12          0          0          0       2159   gpio.o
      1214         34          0          0          0       9750   iic.o
      4352        276        157         44          0      24703   inv_mpu.o
      2026        114       3062          0         16      17866   inv_mpu_dmp_motion_driver.o
       160          0          0          0          0     401656   main.o
       874        332          0         53          0      32467   mpu6050.o
        64         26        236          0       1536        820   startup_stm32f103xb.o
        52          8          0         12          0       4180   stm32f1xx_hal.o
       622         24          0          0          0       3332   stm32f1xx_hal_adc.o
        70         10          0          0          0      26688   stm32f1xx_hal_cortex.o
       500         34          0          0          0       3551   stm32f1xx_hal_gpio.o
        60          8          0          0          0        890   stm32f1xx_hal_msp.o
      1176         60         18          0          0       4022   stm32f1xx_hal_rcc.o
       236         12          0          0          0       1404   stm32f1xx_hal_rcc_ex.o
        20          0          0          0          0       3950   stm32f1xx_it.o
         2          0         16          4          0       1143   system_stm32f1xx.o

    ----------------------------------------------------------------------
     11976       1006       3524        124       1600     543197   Object Totals
         0          0         32          0          0          0   (incl. Generated)
        10          0          3          3          0          0   (incl. Padding)

    ----------------------------------------------------------------------

      Code (inc. data)   RO Data    RW Data    ZI Data      Debug   Library Member Name

         8          0          0          0          0         68   __main.o
       104          0          0          0          0         84   __printf.o
         0          0          0          0          0          0   __rtentry.o
        12          0          0          0          0          0   __rtentry2.o
         6          0          0          0          0          0   __rtentry4.o
        52          8          0          0          0          0   __scatter.o
        26          0          0          0          0          0   __scatter_copy.o
        28          0          0          0          0          0   __scatter_zi.o
        48          6          0          0          0         96   _printf_char_common.o
        36          4          0          0          0         80   _printf_char_file.o
         6          0          0          0          0          0   _printf_d.o
       120         16          0          0          0         92   _printf_dec.o
       178          0          0          0          0         88   _printf_intcommon.o
         0          0          0          0          0          0   _printf_percent.o
         4          0          0          0          0          0   _printf_percent_end.o
        16          0          0          0          0         68   aeabi_memset.o
        10          0          0          0          0         68   defsig_exit.o
        50          0          0          0          0         88   defsig_general.o
        80         58          0          0          0         76   defsig_rtmem_inner.o
        14          0          0          0          0         80   defsig_rtmem_outer.o
        52         38          0          0          0         76   defsig_rtred_inner.o
        14          0          0          0          0         80   defsig_rtred_outer.o
        18          0          0          0          0         80   exit.o
        76          0          0          0          0         88   fclose.o
         8          0          0          0          0         68   ferror.o
       470          0          0          0          0         88   flsbuf.o
       236          4          0          0          0        128   fopen.o
        26          0          0          0          0         68   fputc.o
       248          6          0          0          0         84   fseek.o
        66          0          0          0          0         76   ftell.o
        94          0          0          0          0         80   h1_alloc.o
        52          0          0          0          0         68   h1_extend.o
        78          0          0          0          0         80   h1_free.o
        14          0          0          0          0         84   h1_init.o
         6          0          0          0          0        152   heapauxi.o
         4          0          0          0          0        136   hguard.o
         0          0          0          0          0          0   indicate_semi.o
       138          0          0          0          0        168   init_alloc.o
       312         46          0          0          0        112   initio.o
         2          0          0          0          0          0   libinit.o
        14          0          0          0          0          0   libinit2.o
         2          0          0          0          0          0   libshutdown.o
         6          0          0          0          0          0   libshutdown2.o
         8          4          0          0         96         68   libspace.o
        72          0          0          0          0         76   llsdiv.o
       238          0          0          0          0        100   lludivv7m.o
         0          0          0          0          0          0   maybetermalloc1.o
        88          0          0          0          0         76   memcmp.o
        24          4          0          0          0         84   noretval__2printf.o
         8          4          0          0          0         68   rt_errno_addr_intlibspace.o
         8          4          0          0          0         68   rt_heap_descriptor_intlibspace.o
        68          0          0          0          0         68   rt_memclr.o
        78          0          0          0          0         80   rt_memclr_w.o
         2          0          0          0          0          0   rtexit.o
        10          0          0          0          0          0   rtexit2.o
        70          0          0          0          0         80   setvbuf.o
       240          6          0          0          0        156   stdio.o
         0          0          0         12        252          0   stdio_streams.o
        62          0          0          0          0         76   strlen.o
        12          4          0          0          0         68   sys_exit.o
       102          0         12          0          0        240   sys_io.o
        74          0          0          0          0         80   sys_stackheap_outer.o
        14          0          0          0          0         76   sys_wrch.o
         2          0          0          0          0         68   use_no_semi.o
       430          8          0          0          0        168   faddsub_clz.o
        12          4          0          0          0         68   fcheck1.o
       388         76          0          0          0         96   fdiv.o
        54          4          0          0          0         84   ffix.o
        62          4          0          0          0         84   ffixu.o
        86          0          0          0          0        136   fflt_clz.o
       258          4          0          0          0         84   fmul.o
       140          4          0          0          0         84   fnaninf.o
        10          0          0          0          0         68   fretinf.o
       100          0          0          0          0         68   retnan.o
        76          0          0          0          0         68   scalbnf.o
        48          0          0          0          0         68   trapv.o
         0          0          0          0          0          0   usenofp.o

    ----------------------------------------------------------------------
      5598        316         14         12        352       5212   Library Totals
        20          0          2          0          4          0   (incl. Padding)

    ----------------------------------------------------------------------

      Code (inc. data)   RO Data    RW Data    ZI Data      Debug   Library Name

      3914        212         12         12        348       4136   c_w.l
      1664        104          0          0          0       1076   fz_ws.l

    ----------------------------------------------------------------------
      5598        316         14         12        352       5212   Library Totals

    ----------------------------------------------------------------------

==============================================================================


      Code (inc. data)   RO Data    RW Data    ZI Data      Debug   

     17574       1322       3538        136       1952     540293   Grand Totals
     17574       1322       3538        136       1952     540293   ELF Image Totals
     17574       1322       3538        136          0          0   ROM Totals

==============================================================================

    Total RO  Size (Code + RO Data)                21112 (  20.62kB)
    Total RW  Size (RW Data + ZI Data)              2088 (   2.04kB)
    Total ROM Size (Code + RO Data + RW Data)      21248 (  20.75kB)

==============================================================================

