<html>
<body>
<pre>
<h1>µVision Build Log</h1>
<h2>Tool Versions:</h2>
IDE-Version: ¦ÌVision V5.25.2.0
Copyright (C) 2018 ARM Ltd and ARM Germany GmbH. All rights reserved.
License Information: Tan tan, xue51.com, LIC=EXJT4-FD3VA-Y8BFK-ZB80B-JICF2-YV5LA
 
Tool Versions:
Toolchain:       MDK-ARM Plus  Version: 5.25.2.0
Toolchain Path:  D:\Keil_v5\ARM\ARMCC\Bin
C Compiler:      Armcc.exe V5.06 update 6 (build 750)
Assembler:       Armasm.exe V5.06 update 6 (build 750)
Linker/Locator:  ArmLink.exe V5.06 update 6 (build 750)
Library Manager: ArmAr.exe V5.06 update 6 (build 750)
Hex Converter:   FromElf.exe V5.06 update 6 (build 750)
CPU DLL:         SARMCM3.DLL V5.25.2.0
Dialog DLL:      DCM.DLL V1.17.1.0
Target DLL:      STLink\ST-LINKIII-KEIL_SWO.dll V3.0.1.0
Dialog DLL:      TCM.DLL V1.35.1.0
 
<h2>Project:</h2>
C:\Users\96549\Desktop\BalancedCar\balanced_car\Balanced_Car\MDK-ARM\Balanced_Car.uvprojx
Project File Date:  03/12/2024

<h2>Output:</h2>
*** Using Compiler 'V5.06 update 6 (build 750)', folder: 'D:\Keil_v5\ARM\ARMCC\Bin'
Rebuild target 'Balanced_Car'
assembling startup_stm32f103xb.s...
compiling stm32f1xx_hal_gpio_ex.c...
compiling stm32f1xx_it.c...
compiling main.c...
compiling gpio.c...
compiling stm32f1xx_hal_msp.c...
compiling adc.c...
compiling stm32f1xx_hal_adc_ex.c...
compiling stm32f1xx_hal_rcc_ex.c...
compiling stm32f1xx_hal.c...
compiling stm32f1xx_hal_adc.c...
compiling stm32f1xx_hal_rcc.c...
compiling stm32f1xx_hal_gpio.c...
compiling stm32f1xx_hal_cortex.c...
compiling stm32f1xx_hal_dma.c...
compiling stm32f1xx_hal_flash_ex.c...
compiling stm32f1xx_hal_flash.c...
compiling stm32f1xx_hal_exti.c...
compiling stm32f1xx_hal_pwr.c...
compiling stm32f1xx_hal_tim.c...
compiling delay.c...
compiling stm32f1xx_hal_tim_ex.c...
compiling iic.c...
..\BSPcode\iic.c(22): warning:  #223-D: function "delay_us" declared implicitly
  	delay_us(1);
..\BSPcode\iic.c(43): warning:  #223-D: function "delay_us" declared implicitly
   	delay_us(1);
..\BSPcode\iic.c(62): warning:  #223-D: function "delay_us" declared implicitly
  	delay_us(1);
..\BSPcode\iic.c(92): warning:  #223-D: function "delay_us" declared implicitly
  	delay_us(1);
..\BSPcode\iic.c(111): warning:  #223-D: function "delay_us" declared implicitly
  	delay_us(1);
..\BSPcode\iic.c(134): warning:  #223-D: function "delay_us" declared implicitly
  		delay_us(1);
..\BSPcode\iic.c(222): warning:  #223-D: function "delay_us" declared implicitly
  			delay_us(2);
..\BSPcode\iic.c: 7 warnings, 0 errors
compiling system_stm32f1xx.c...
linking...
Program Size: Code=3682 RO-data=302 RW-data=24 ZI-data=1680  
FromELF: creating hex file...
"..\Release\Balanced_Car.axf" - 0 Error(s), 7 Warning(s).

<h2>Software Packages used:</h2>

Package Vendor: ARM
                http://www.keil.com/pack/ARM.CMSIS.5.3.0.pack
                ARM.CMSIS.5.3.0
                CMSIS (Cortex Microcontroller Software Interface Standard)
   * Component: CORE Version: 5.1.1

Package Vendor: Keil
                http://www.keil.com/pack/Keil.STM32F1xx_DFP.2.3.0.pack
                Keil.STM32F1xx_DFP.2.3.0
                STMicroelectronics STM32F1 Series Device Support, Drivers and Examples

<h2>Collection of Component include folders:</h2>
  .\RTE\_Balanced_Car
  D:\Keil_v5\ARM\PACK\ARM\CMSIS\5.3.0\CMSIS\Include
  D:\Keil_v5\ARM\PACK\Keil\STM32F1xx_DFP\2.3.0\Device\Include

<h2>Collection of Component Files used:</h2>

   * Component: ARM::CMSIS:CORE:5.1.1
Build Time Elapsed:  00:00:41
</pre>
</body>
</html>
